Archive member included to satisfy reference by file (symbol)

/opt/gcc-arm-none-eabi-8-2019-q3-update/bin/../lib/gcc/arm-none-eabi/8.3.1/../../../../arm-none-eabi/lib/thumb/v7e-m+fp/hard/libstdc++_nano.a(new_op.o)
                              build/fast_loop.o (operator new(unsigned int))
/opt/gcc-arm-none-eabi-8-2019-q3-update/bin/../lib/gcc/arm-none-eabi/8.3.1/../../../../arm-none-eabi/lib/thumb/v7e-m+fp/hard/libstdc++_nano.a(del_op.o)
                              build/control_fun.o (operator delete(void*))
/opt/gcc-arm-none-eabi-8-2019-q3-update/bin/../lib/gcc/arm-none-eabi/8.3.1/../../../../arm-none-eabi/lib/thumb/v7e-m+fp/hard/libstdc++_nano.a(eh_personality.o)
                              build/fast_loop.o (__gxx_personality_v0)
/opt/gcc-arm-none-eabi-8-2019-q3-update/bin/../lib/gcc/arm-none-eabi/8.3.1/../../../../arm-none-eabi/lib/thumb/v7e-m+fp/hard/libstdc++_nano.a(eh_call.o)
                              /opt/gcc-arm-none-eabi-8-2019-q3-update/bin/../lib/gcc/arm-none-eabi/8.3.1/../../../../arm-none-eabi/lib/thumb/v7e-m+fp/hard/libstdc++_nano.a(eh_personality.o) (__cxa_call_terminate)
/opt/gcc-arm-none-eabi-8-2019-q3-update/bin/../lib/gcc/arm-none-eabi/8.3.1/../../../../arm-none-eabi/lib/thumb/v7e-m+fp/hard/libstdc++_nano.a(pure.o)
                              build/config.o (__cxa_pure_virtual)
/opt/gcc-arm-none-eabi-8-2019-q3-update/bin/../lib/gcc/arm-none-eabi/8.3.1/../../../../arm-none-eabi/lib/thumb/v7e-m+fp/hard/libstdc++_nano.a(new_handler.o)
                              /opt/gcc-arm-none-eabi-8-2019-q3-update/bin/../lib/gcc/arm-none-eabi/8.3.1/../../../../arm-none-eabi/lib/thumb/v7e-m+fp/hard/libstdc++_nano.a(new_op.o) (std::get_new_handler())
/opt/gcc-arm-none-eabi-8-2019-q3-update/bin/../lib/gcc/arm-none-eabi/8.3.1/../../../../arm-none-eabi/lib/thumb/v7e-m+fp/hard/libstdc++_nano.a(eh_catch.o)
                              /opt/gcc-arm-none-eabi-8-2019-q3-update/bin/../lib/gcc/arm-none-eabi/8.3.1/../../../../arm-none-eabi/lib/thumb/v7e-m+fp/hard/libstdc++_nano.a(eh_call.o) (__cxa_begin_catch)
/opt/gcc-arm-none-eabi-8-2019-q3-update/bin/../lib/gcc/arm-none-eabi/8.3.1/../../../../arm-none-eabi/lib/thumb/v7e-m+fp/hard/libstdc++_nano.a(eh_globals.o)
                              /opt/gcc-arm-none-eabi-8-2019-q3-update/bin/../lib/gcc/arm-none-eabi/8.3.1/../../../../arm-none-eabi/lib/thumb/v7e-m+fp/hard/libstdc++_nano.a(eh_catch.o) (__cxa_get_globals_fast)
/opt/gcc-arm-none-eabi-8-2019-q3-update/bin/../lib/gcc/arm-none-eabi/8.3.1/../../../../arm-none-eabi/lib/thumb/v7e-m+fp/hard/libstdc++_nano.a(eh_terminate.o)
                              /opt/gcc-arm-none-eabi-8-2019-q3-update/bin/../lib/gcc/arm-none-eabi/8.3.1/../../../../arm-none-eabi/lib/thumb/v7e-m+fp/hard/libstdc++_nano.a(eh_call.o) (__cxxabiv1::__terminate(void (*)()))
/opt/gcc-arm-none-eabi-8-2019-q3-update/bin/../lib/gcc/arm-none-eabi/8.3.1/../../../../arm-none-eabi/lib/thumb/v7e-m+fp/hard/libstdc++_nano.a(eh_arm.o)
                              build/fast_loop.o (__cxa_end_cleanup)
/opt/gcc-arm-none-eabi-8-2019-q3-update/bin/../lib/gcc/arm-none-eabi/8.3.1/../../../../arm-none-eabi/lib/thumb/v7e-m+fp/hard/libstdc++_nano.a(atexit_arm.o)
                              build/config.o (__aeabi_atexit)
/opt/gcc-arm-none-eabi-8-2019-q3-update/bin/../lib/gcc/arm-none-eabi/8.3.1/../../../../arm-none-eabi/lib/thumb/v7e-m+fp/hard/libstdc++_nano.a(si_class_type_info.o)
                              build/aksim2_encoder.o (vtable for __cxxabiv1::__si_class_type_info)
/opt/gcc-arm-none-eabi-8-2019-q3-update/bin/../lib/gcc/arm-none-eabi/8.3.1/../../../../arm-none-eabi/lib/thumb/v7e-m+fp/hard/libstdc++_nano.a(tinfo.o)
                              /opt/gcc-arm-none-eabi-8-2019-q3-update/bin/../lib/gcc/arm-none-eabi/8.3.1/../../../../arm-none-eabi/lib/thumb/v7e-m+fp/hard/libstdc++_nano.a(si_class_type_info.o) (std::type_info::__is_pointer_p() const)
/opt/gcc-arm-none-eabi-8-2019-q3-update/bin/../lib/gcc/arm-none-eabi/8.3.1/../../../../arm-none-eabi/lib/thumb/v7e-m+fp/hard/libstdc++_nano.a(class_type_info.o)
                              /opt/gcc-arm-none-eabi-8-2019-q3-update/bin/../lib/gcc/arm-none-eabi/8.3.1/../../../../arm-none-eabi/lib/thumb/v7e-m+fp/hard/libstdc++_nano.a(si_class_type_info.o) (__cxxabiv1::__class_type_info::__do_upcast(__cxxabiv1::__class_type_info const*, void**) const)
/opt/gcc-arm-none-eabi-8-2019-q3-update/bin/../lib/gcc/arm-none-eabi/8.3.1/../../../../arm-none-eabi/lib/thumb/v7e-m+fp/hard/libstdc++_nano.a(eh_exception.o)
                              /opt/gcc-arm-none-eabi-8-2019-q3-update/bin/../lib/gcc/arm-none-eabi/8.3.1/../../../../arm-none-eabi/lib/thumb/v7e-m+fp/hard/libstdc++_nano.a(eh_arm.o) (typeinfo for __cxxabiv1::__forced_unwind)
/opt/gcc-arm-none-eabi-8-2019-q3-update/bin/../lib/gcc/arm-none-eabi/8.3.1/../../../../arm-none-eabi/lib/thumb/v7e-m+fp/hard/libstdc++_nano.a(eh_term_handler.o)
[...]
Memory Configuration

Name             Origin             Length             Attributes
RAM              0x0000000020000000 0x0000000000018000 xrw
CCMRAM           0x0000000010000000 0x0000000000008000 xrw
FLASH            0x0000000008000000 0x0000000000060000 xr
SECTOR_7         0x0000000008060000 0x0000000000020000 xr
*default*        0x0000000000000000 0xffffffffffffffff

Linker script and memory map

LOAD /opt/gcc-arm-none-eabi-8-2019-q3-update/bin/../lib/gcc/arm-none-eabi/8.3.1/thumb/v7e-m+fp/hard/crti.o
LOAD /opt/gcc-arm-none-eabi-8-2019-q3-update/bin/../lib/gcc/arm-none-eabi/8.3.1/thumb/v7e-m+fp/hard/crtbegin.o
LOAD /opt/gcc-arm-none-eabi-8-2019-q3-update/bin/../lib/gcc/arm-none-eabi/8.3.1/../../../../arm-none-eabi/lib/thumb/v7e-m+fp/hard/crt0.o
LOAD build/usb_device.o
LOAD build/usbd_conf.o
LOAD build/usbd_desc.o
LOAD build/stm32g4xx_it.o
LOAD build/stm32g4xx_hal_msp.o
LOAD build/stm32g4xx_hal_gpio.o
LOAD build/stm32g4xx_hal_pcd.o
LOAD build/stm32g4xx_hal_pcd_ex.o
LOAD build/stm32g4xx_ll_usb.o
LOAD build/stm32g4xx_hal_hrtim.o
LOAD build/stm32g4xx_hal_uart.o
LOAD build/stm32g4xx_hal_uart_ex.o
LOAD build/stm32g4xx_hal_tim.o
LOAD build/stm32g4xx_hal_tim_ex.o
LOAD build/stm32g4xx_ll_pwr.o
LOAD build/stm32g4xx_hal.o
LOAD build/stm32g4xx_hal_rcc.o
LOAD build/stm32g4xx_hal_rcc_ex.o
LOAD build/stm32g4xx_hal_flash.o
LOAD build/stm32g4xx_hal_flash_ex.o
LOAD build/stm32g4xx_hal_flash_ramfunc.o
LOAD build/stm32g4xx_hal_exti.o
LOAD build/stm32g4xx_hal_dma.o
LOAD build/stm32g4xx_hal_dma_ex.o
LOAD build/stm32g4xx_hal_pwr.o
LOAD build/stm32g4xx_hal_pwr_ex.o
LOAD build/stm32g4xx_hal_cortex.o
LOAD build/system_stm32g4xx.o
LOAD build/usbd_core.o
LOAD build/usbd_ctlreq.o
LOAD build/usbd_ioreq.o
LOAD build/usbd_rt.o
LOAD build/usbd_rt_if.o
LOAD build/stm32g4xx_hal_adc.o
LOAD build/stm32g4xx_hal_adc_ex.o
LOAD build/stm32g4xx_ll_adc.o
LOAD build/main.o
LOAD build/stm32g4xx_hal_spi.o
LOAD build/stm32g4xx_hal_spi_ex.o
LOAD build/param.o
LOAD build/param_dev_00_robo.o
LOAD build/control_fun.o
LOAD build/fast_loop.o
LOAD build/foc_i.o
LOAD build/foc.o
LOAD build/gpio.o
LOAD build/main_loop.o
LOAD build/pwm.o
LOAD build/sincos.o
LOAD build/config.o
LOAD build/aksim2_encoder.o
LOAD build/usb_communication.o
LOAD build/spi_encoder.o
LOAD build/main2.o
LOAD build/usb.o
LOAD build/startup_stm32g474xx.o
LOAD /opt/gcc-arm-none-eabi-8-2019-q3-update/bin/../lib/gcc/arm-none-eabi/8.3.1/../../../../arm-none-eabi/lib/thumb/v7e-m+fp/hard/libnosys.a
LOAD /opt/gcc-arm-none-eabi-8-2019-q3-update/bin/../lib/gcc/arm-none-eabi/8.3.1/../../../../arm-none-eabi/lib/thumb/v7e-m+fp/hard/libstdc++_nano.a
LOAD /opt/gcc-arm-none-eabi-8-2019-q3-update/bin/../lib/gcc/arm-none-eabi/8.3.1/../../../../arm-none-eabi/lib/thumb/v7e-m+fp/hard/libm.a
LOAD /opt/gcc-arm-none-eabi-8-2019-q3-update/bin/../lib/gcc/arm-none-eabi/8.3.1/../../../../arm-none-eabi/lib/thumb/v7e-m+fp/hard/libc_nano.a
START GROUP
LOAD /opt/gcc-arm-none-eabi-8-2019-q3-update/bin/../lib/gcc/arm-none-eabi/8.3.1/thumb/v7e-m+fp/hard/libgcc.a
LOAD /opt/gcc-arm-none-eabi-8-2019-q3-update/bin/../lib/gcc/arm-none-eabi/8.3.1/../../../../arm-none-eabi/lib/thumb/v7e-m+fp/hard/libc_nano.a
END GROUP
START GROUP
LOAD /opt/gcc-arm-none-eabi-8-2019-q3-update/bin/../lib/gcc/arm-none-eabi/8.3.1/thumb/v7e-m+fp/hard/libgcc.a
LOAD /opt/gcc-arm-none-eabi-8-2019-q3-update/bin/../lib/gcc/arm-none-eabi/8.3.1/../../../../arm-none-eabi/lib/thumb/v7e-m+fp/hard/libc_nano.a
LOAD /opt/gcc-arm-none-eabi-8-2019-q3-update/bin/../lib/gcc/arm-none-eabi/8.3.1/../../../../arm-none-eabi/lib/thumb/v7e-m+fp/hard/libnosys.a
END GROUP
START GROUP
LOAD /opt/gcc-arm-none-eabi-8-2019-q3-update/bin/../lib/gcc/arm-none-eabi/8.3.1/thumb/v7e-m+fp/hard/libgcc.a
LOAD /opt/gcc-arm-none-eabi-8-2019-q3-update/bin/../lib/gcc/arm-none-eabi/8.3.1/../../../../arm-none-eabi/lib/thumb/v7e-m+fp/hard/libc_nano.a
LOAD /opt/gcc-arm-none-eabi-8-2019-q3-update/bin/../lib/gcc/arm-none-eabi/8.3.1/../../../../arm-none-eabi/lib/thumb/v7e-m+fp/hard/libnosys.a
END GROUP
LOAD /opt/gcc-arm-none-eabi-8-2019-q3-update/bin/../lib/gcc/arm-none-eabi/8.3.1/thumb/v7e-m+fp/hard/crtend.o
LOAD /opt/gcc-arm-none-eabi-8-2019-q3-update/bin/../lib/gcc/arm-none-eabi/8.3.1/thumb/v7e-m+fp/hard/crtn.o
                0x0000000020020000                _estack = 0x20020000
                0x0000000000000200                _Min_Heap_Size = 0x200
                0x0000000000000400                _Min_Stack_Size = 0x400

flash_param     0x0000000008060000     0x10d8
                0x0000000008060000                . = ALIGN (0x4)
 *(flash_param)
 flash_param    0x0000000008060000     0x10d8 build/param_dev_00_robo.o
                0x0000000008060000                initial_param
                0x00000000080610d8                . = ALIGN (0x4)

.isr_vector     0x0000000008000000      0x1d8
                0x0000000008000000                . = ALIGN (0x4)
 *(.isr_vector)
 .isr_vector    0x0000000008000000      0x1d8 build/startup_stm32g474xx.o
                0x0000000008000000                g_pfnVectors
                0x00000000080001d8                . = ALIGN (0x4)
                0x00000000080001d8                _siccmram = LOADADDR (.ccmram)

.ccmram         0x0000000010000000      0xce8 load address 0x00000000080001d8
                0x0000000010000000                . = ALIGN (0x4)
                0x0000000010000000                _sccmram = .
 *(.ccmram)
 .ccmram        0x0000000010000000      0x15a build/control_fun.o
                0x0000000010000000                PIController::step(float, float)
                0x0000000010000098                PIDController::step(float, float)
 *fill*         0x000000001000015a        0x2 
 .ccmram        0x000000001000015c      0x3f8 build/fast_loop.o
                0x000000001000015c                FastLoop::update()
 .ccmram        0x0000000010000554      0x374 build/foc.o
                0x0000000010000554                FOC::step(FOCCommand const&)
 .ccmram        0x00000000100008c8       0xa4 build/pwm.o
                0x00000000100008c8                PWM::set_voltage(float*)
 .ccmram        0x000000001000096c      0x170 build/sincos.o
                0x000000001000096c                sincos1(float)
 .ccmram        0x0000000010000adc      0x134 build/aksim2_encoder.o
                0x0000000010000adc                Aksim2Encoder::get_value()
                0x0000000010000af4                Aksim2Encoder::trigger()
 .ccmram        0x0000000010000c10       0x84 build/spi_encoder.o
                0x0000000010000c10                SPIEncoder::get_value()
                0x0000000010000c58                SPIEncoder::trigger()
 *fill*         0x0000000010000c94        0x4 
 .ccmram.__stub
                0x0000000010000c98       0x50 linker stubs
 *(.ccmram*)
 *(.text._ZN8FastLoop6updateEv)
                0x0000000010000ce8                . = ALIGN (0x4)
                0x0000000010000ce8                _eccmram = .

.text           0x0000000008000ec0     0xff88
                0x0000000008000ec0                . = ALIGN (0x4)
 *(.text)
 .text          0x0000000008000ec0       0x40 /opt/gcc-arm-none-eabi-8-2019-q3-update/bin/../lib/gcc/arm-none-eabi/8.3.1/thumb/v7e-m+fp/hard/crtbegin.o
 .text          0x0000000008000f00       0x14 /opt/gcc-arm-none-eabi-8-2019-q3-update/bin/../lib/gcc/arm-none-eabi/8.3.1/../../../../arm-none-eabi/lib/thumb/v7e-m+fp/hard/libc_nano.a(lib_a-strcmp.o)
                0x0000000008000f00                strcmp
 .text          0x0000000008000f14      0x378 /opt/gcc-arm-none-eabi-8-2019-q3-update/bin/../lib/gcc/arm-none-eabi/8.3.1/thumb/v7e-m+fp/hard/libgcc.a(_arm_addsubdf3.o)
                0x0000000008000f14                __aeabi_drsub
                0x0000000008000f1c                __aeabi_dsub
                0x0000000008000f1c                __subdf3
                0x0000000008000f20                __adddf3
                0x0000000008000f20                __aeabi_dadd
                0x0000000008001198                __aeabi_ui2d
                0x0000000008001198                __floatunsidf
                0x00000000080011b8                __floatsidf
                0x00000000080011b8                __aeabi_i2d
                0x00000000080011dc                __extendsfdf2
                0x00000000080011dc                __aeabi_f2d
                0x0000000008001220                __aeabi_ul2d
                0x0000000008001220                __floatundidf
                0x0000000008001230                __floatdidf
                0x0000000008001230                __aeabi_l2d
 .text          0x000000000800128c      0x424 /opt/gcc-arm-none-eabi-8-2019-q3-update/bin/../lib/gcc/arm-none-eabi/8.3.1/thumb/v7e-m+fp/hard/libgcc.a(_arm_muldivdf3.o)
                0x000000000800128c                __aeabi_dmul
                0x000000000800128c                __muldf3
                0x00000000080014e0                __aeabi_ddiv
                0x00000000080014e0                __divdf3
 .text          0x00000000080016b0       0x40 /opt/gcc-arm-none-eabi-8-2019-q3-update/bin/../lib/gcc/arm-none-eabi/8.3.1/thumb/v7e-m+fp/hard/libgcc.a(_arm_fixunsdfsi.o)
                0x00000000080016b0                __fixunsdfsi
                0x00000000080016b0                __aeabi_d2uiz
 .text          0x00000000080016f0       0xa0 /opt/gcc-arm-none-eabi-8-2019-q3-update/bin/../lib/gcc/arm-none-eabi/8.3.1/thumb/v7e-m+fp/hard/libgcc.a(_arm_truncdfsf2.o)
                0x00000000080016f0                __aeabi_d2f
                0x00000000080016f0                __truncdfsf2
 .text          0x0000000008001790       0x30 /opt/gcc-arm-none-eabi-8-2019-q3-update/bin/../lib/gcc/arm-none-eabi/8.3.1/thumb/v7e-m+fp/hard/libgcc.a(_aeabi_uldivmod.o)
                0x0000000008001790                __aeabi_uldivmod
 .text          0x00000000080017c0      0x2d0 /opt/gcc-arm-none-eabi-8-2019-q3-update/bin/../lib/gcc/arm-none-eabi/8.3.1/thumb/v7e-m+fp/hard/libgcc.a(_udivmoddi4.o)
                0x00000000080017c0                __udivmoddi4
 .text          0x0000000008001a90      0x9e0 /opt/gcc-arm-none-eabi-8-2019-q3-update/bin/../lib/gcc/arm-none-eabi/8.3.1/thumb/v7e-m+fp/hard/libgcc.a(unwind-arm.o)
                0x0000000008001d48                _Unwind_GetCFA
                0x0000000008001d4c                __gnu_Unwind_RaiseException
                0x0000000008001dac                __gnu_Unwind_ForcedUnwind
                0x0000000008001dc0                __gnu_Unwind_Resume
                0x0000000008001e04                __gnu_Unwind_Resume_or_Rethrow
                0x0000000008001e14                _Unwind_Complete
                0x0000000008001e18                _Unwind_DeleteException
                0x0000000008001e24                _Unwind_VRS_Get
                0x0000000008001e68                _Unwind_VRS_Set
                0x0000000008001eac                __gnu_Unwind_Backtrace
                0x00000000080021e4                __aeabi_unwind_cpp_pr0
                0x00000000080021e8                __aeabi_unwind_cpp_pr1
                0x00000000080021ec                __aeabi_unwind_cpp_pr2
                0x00000000080021f0                _Unwind_VRS_Pop
 .text          0x0000000008002470      0x1ac /opt/gcc-arm-none-eabi-8-2019-q3-update/bin/../lib/gcc/arm-none-eabi/8.3.1/thumb/v7e-m+fp/hard/libgcc.a(libunwind.o)
                0x0000000008002470                __restore_core_regs
                0x0000000008002470                restore_core_regs
                0x0000000008002488                __gnu_Unwind_Restore_VFP
                0x0000000008002490                __gnu_Unwind_Save_VFP
                0x0000000008002498                __gnu_Unwind_Restore_VFP_D
                0x00000000080024a0                __gnu_Unwind_Save_VFP_D
                0x00000000080024a8                __gnu_Unwind_Restore_VFP_D_16_to_31
                0x00000000080024b0                __gnu_Unwind_Save_VFP_D_16_to_31
                0x00000000080024b8                __gnu_Unwind_Restore_WMMXD
                0x00000000080024fc                __gnu_Unwind_Save_WMMXD
                0x0000000008002540                __gnu_Unwind_Restore_WMMXC
                0x0000000008002554                __gnu_Unwind_Save_WMMXC
                0x0000000008002568                ___Unwind_RaiseException
                0x0000000008002568                _Unwind_RaiseException
                0x000000000800258c                ___Unwind_Resume
                0x000000000800258c                _Unwind_Resume
                0x00000000080025b0                _Unwind_Resume_or_Rethrow
                0x00000000080025b0                ___Unwind_Resume_or_Rethrow
                0x00000000080025d4                ___Unwind_ForcedUnwind
                0x00000000080025d4                _Unwind_ForcedUnwind
                0x00000000080025f8                _Unwind_Backtrace
                0x00000000080025f8                ___Unwind_Backtrace
 .text          0x000000000800261c      0x368 /opt/gcc-arm-none-eabi-8-2019-q3-update/bin/../lib/gcc/arm-none-eabi/8.3.1/thumb/v7e-m+fp/hard/libgcc.a(pr-support.o)
                0x0000000008002674                __gnu_unwind_execute
                0x000000000800293c                __gnu_unwind_frame
                0x0000000008002964                _Unwind_GetRegionStart
                0x0000000008002970                _Unwind_GetLanguageSpecificData
 .text          0x0000000008002984        0x4 /opt/gcc-arm-none-eabi-8-2019-q3-update/bin/../lib/gcc/arm-none-eabi/8.3.1/thumb/v7e-m+fp/hard/libgcc.a(_dvmd_tls.o)
                0x0000000008002984                __aeabi_ldiv0
                0x0000000008002984                __aeabi_idiv0
 *(.text*)
 .text.MX_USB_Device_Init
                0x0000000008002988       0x4c build/usb_device.o
                0x0000000008002988                MX_USB_Device_Init
 .text.HAL_PCD_MspInit
                0x00000000080029d4       0x94 build/usbd_conf.o
                0x00000000080029d4                HAL_PCD_MspInit
 .text.HAL_PCD_SetupStageCallback
                0x0000000008002a68       0x24 build/usbd_conf.o
                0x0000000008002a68                HAL_PCD_SetupStageCallback
 .text.HAL_PCD_DataOutStageCallback
                0x0000000008002a8c       0x30 build/usbd_conf.o
                0x0000000008002a8c                HAL_PCD_DataOutStageCallback
 .text.HAL_PCD_DataInStageCallback
                0x0000000008002abc       0x2e build/usbd_conf.o
                0x0000000008002abc                HAL_PCD_DataInStageCallback
 .text.HAL_PCD_SOFCallback
                0x0000000008002aea       0x1c build/usbd_conf.o
                0x0000000008002aea                HAL_PCD_SOFCallback
 .text.HAL_PCD_ResetCallback
                0x0000000008002b06       0x3c build/usbd_conf.o
                0x0000000008002b06                HAL_PCD_ResetCallback
 *fill*         0x0000000008002b42        0x2 
 .text.HAL_PCD_SuspendCallback
                0x0000000008002b44       0x34 build/usbd_conf.o
                0x0000000008002b44                HAL_PCD_SuspendCallback
 .text.HAL_PCD_ResumeCallback
                0x0000000008002b78       0x38 build/usbd_conf.o
                0x0000000008002b78                HAL_PCD_ResumeCallback
 .text.USBD_LL_Init
                0x0000000008002bb0       0xc0 build/usbd_conf.o
                0x0000000008002bb0                USBD_LL_Init
 .text.USBD_LL_Start
                0x0000000008002c70       0x36 build/usbd_conf.o
                0x0000000008002c70                USBD_LL_Start
 .text.USBD_LL_OpenEP
                0x0000000008002ca6       0x4c build/usbd_conf.o
                0x0000000008002ca6                USBD_LL_OpenEP
 .text.USBD_LL_CloseEP
                0x0000000008002cf2       0x3e build/usbd_conf.o
                0x0000000008002cf2                USBD_LL_CloseEP
 .text.USBD_LL_StallEP
                0x0000000008002d30       0x3e build/usbd_conf.o
                0x0000000008002d30                USBD_LL_StallEP
 .text.USBD_LL_ClearStallEP
                0x0000000008002d6e       0x3e build/usbd_conf.o
                0x0000000008002d6e                USBD_LL_ClearStallEP
 .text.USBD_LL_IsStallEP
                0x0000000008002dac       0x4c build/usbd_conf.o
                0x0000000008002dac                USBD_LL_IsStallEP
 .text.USBD_LL_SetUSBAddress
                0x0000000008002df8       0x3e build/usbd_conf.o
                0x0000000008002df8                USBD_LL_SetUSBAddress
 .text.USBD_LL_Transmit
                0x0000000008002e36       0x46 build/usbd_conf.o
                0x0000000008002e36                USBD_LL_Transmit
 .text.USBD_LL_PrepareReceive
                0x0000000008002e7c       0x46 build/usbd_conf.o
                0x0000000008002e7c                USBD_LL_PrepareReceive
 .text.SystemClockConfig_Resume
                0x0000000008002ec2        0xc build/usbd_conf.o
 *fill*         0x0000000008002ece        0x2 
 .text.USBD_Get_USB_Status
                0x0000000008002ed0       0x58 build/usbd_conf.o
 .text.USBD_CDC_DeviceDescriptor
                0x0000000008002f28       0x24 build/usbd_desc.o
                0x0000000008002f28                USBD_CDC_DeviceDescriptor
 .text.USBD_CDC_LangIDStrDescriptor
                0x0000000008002f4c       0x24 build/usbd_desc.o
                0x0000000008002f4c                USBD_CDC_LangIDStrDescriptor
 .text.USBD_CDC_ProductStrDescriptor
                0x0000000008002f70       0x3c build/usbd_desc.o
                0x0000000008002f70                USBD_CDC_ProductStrDescriptor
 .text.USBD_CDC_ManufacturerStrDescriptor
                0x0000000008002fac       0x28 build/usbd_desc.o
                0x0000000008002fac                USBD_CDC_ManufacturerStrDescriptor
 .text.USBD_CDC_SerialStrDescriptor
                0x0000000008002fd4       0x24 build/usbd_desc.o
                0x0000000008002fd4                USBD_CDC_SerialStrDescriptor
 .text.USBD_CDC_ConfigStrDescriptor
                0x0000000008002ff8       0x3c build/usbd_desc.o
                0x0000000008002ff8                USBD_CDC_ConfigStrDescriptor
 .text.USBD_CDC_InterfaceStrDescriptor
                0x0000000008003034       0x3c build/usbd_desc.o
                0x0000000008003034                USBD_CDC_InterfaceStrDescriptor
 .text.Get_SerialNum
                0x0000000008003070       0x58 build/usbd_desc.o
 .text.IntToUnicode
                0x00000000080030c8       0x7c build/usbd_desc.o
 .text.get_clock
                0x0000000008003144       0x18 build/stm32g4xx_it.o
 .text.get_cpi_count
                0x000000000800315c       0x18 build/stm32g4xx_it.o
 .text.get_lsu_count
                0x0000000008003174       0x18 build/stm32g4xx_it.o
 .text.NMI_Handler
                0x000000000800318c        0xe build/stm32g4xx_it.o
                0x000000000800318c                NMI_Handler
 .text.HardFault_Handler
                0x000000000800319a        0x6 build/stm32g4xx_it.o
                0x000000000800319a                HardFault_Handler
 .text.MemManage_Handler
                0x00000000080031a0        0x6 build/stm32g4xx_it.o
                0x00000000080031a0                MemManage_Handler
 .text.BusFault_Handler
                0x00000000080031a6        0x6 build/stm32g4xx_it.o
                0x00000000080031a6                BusFault_Handler
 .text.UsageFault_Handler
                0x00000000080031ac        0x6 build/stm32g4xx_it.o
                0x00000000080031ac                UsageFault_Handler
 .text.SVC_Handler
                0x00000000080031b2        0xe build/stm32g4xx_it.o
                0x00000000080031b2                SVC_Handler
 .text.DebugMon_Handler
                0x00000000080031c0        0xe build/stm32g4xx_it.o
                0x00000000080031c0                DebugMon_Handler
 .text.PendSV_Handler
                0x00000000080031ce        0xe build/stm32g4xx_it.o
                0x00000000080031ce                PendSV_Handler
 .text.SysTick_Handler
                0x00000000080031dc        0xc build/stm32g4xx_it.o
                0x00000000080031dc                SysTick_Handler
 .text.DMA1_Channel1_IRQHandler
                0x00000000080031e8        0xe build/stm32g4xx_it.o
                0x00000000080031e8                DMA1_Channel1_IRQHandler
 *fill*         0x00000000080031f6        0x2 
 .text.DMA1_Channel2_IRQHandler
                0x00000000080031f8       0x14 build/stm32g4xx_it.o
                0x00000000080031f8                DMA1_Channel2_IRQHandler
 .text.ADC1_2_IRQHandler
                0x000000000800320c      0x10c build/stm32g4xx_it.o
                0x000000000800320c                ADC1_2_IRQHandler
 .text.USB_LP_IRQHandler
                0x0000000008003318       0x34 build/stm32g4xx_it.o
                0x0000000008003318                USB_LP_IRQHandler
 .text.EXTI15_10_IRQHandler
                0x000000000800334c       0x10 build/stm32g4xx_it.o
                0x000000000800334c                EXTI15_10_IRQHandler
 .text.HRTIM1_Master_IRQHandler
                0x000000000800335c       0x14 build/stm32g4xx_it.o
                0x000000000800335c                HRTIM1_Master_IRQHandler
 .text.LL_PWR_DisableDeadBatteryPD
                0x0000000008003370       0x20 build/stm32g4xx_hal_msp.o
 .text.HAL_MspInit
                0x0000000008003390       0x48 build/stm32g4xx_hal_msp.o
                0x0000000008003390                HAL_MspInit
 .text.HAL_ADC_MspInit
                0x00000000080033d8      0x1a4 build/stm32g4xx_hal_msp.o
                0x00000000080033d8                HAL_ADC_MspInit
 .text.HAL_HRTIM_MspInit
                0x000000000800357c       0x4c build/stm32g4xx_hal_msp.o
                0x000000000800357c                HAL_HRTIM_MspInit
 .text.HAL_HRTIM_MspPostInit
                0x00000000080035c8       0xcc build/stm32g4xx_hal_msp.o
                0x00000000080035c8                HAL_HRTIM_MspPostInit
 .text.HAL_SPI_MspInit
                0x0000000008003694      0x1ac build/stm32g4xx_hal_msp.o
                0x0000000008003694                HAL_SPI_MspInit
 .text.HAL_UART_MspInit
                0x0000000008003840       0x88 build/stm32g4xx_hal_msp.o
                0x0000000008003840                HAL_UART_MspInit
 .text.HAL_GPIO_Init
                0x00000000080038c8      0x304 build/stm32g4xx_hal_gpio.o
                0x00000000080038c8                HAL_GPIO_Init
 .text.HAL_GPIO_WritePin
                0x0000000008003bcc       0x30 build/stm32g4xx_hal_gpio.o
                0x0000000008003bcc                HAL_GPIO_WritePin
 .text.HAL_GPIO_EXTI_IRQHandler
                0x0000000008003bfc       0x30 build/stm32g4xx_hal_gpio.o
                0x0000000008003bfc                HAL_GPIO_EXTI_IRQHandler
 .text.HAL_GPIO_EXTI_Callback
                0x0000000008003c2c       0x16 build/stm32g4xx_hal_gpio.o
                0x0000000008003c2c                HAL_GPIO_EXTI_Callback
 .text.HAL_PCD_Init
                0x0000000008003c42      0x176 build/stm32g4xx_hal_pcd.o
                0x0000000008003c42                HAL_PCD_Init
 .text.HAL_PCD_Start
                0x0000000008003db8       0x44 build/stm32g4xx_hal_pcd.o
                0x0000000008003db8                HAL_PCD_Start
 .text.HAL_PCD_IRQHandler
                0x0000000008003dfc      0x2b2 build/stm32g4xx_hal_pcd.o
                0x0000000008003dfc                HAL_PCD_IRQHandler
 .text.HAL_PCD_SetAddress
                0x00000000080040ae       0x4a build/stm32g4xx_hal_pcd.o
                0x00000000080040ae                HAL_PCD_SetAddress
 .text.HAL_PCD_EP_Open
                0x00000000080040f8       0xc0 build/stm32g4xx_hal_pcd.o
                0x00000000080040f8                HAL_PCD_EP_Open
 .text.HAL_PCD_EP_Close
                0x00000000080041b8       0x84 build/stm32g4xx_hal_pcd.o
                0x00000000080041b8                HAL_PCD_EP_Close
 .text.HAL_PCD_EP_Receive
                0x000000000800423c       0x74 build/stm32g4xx_hal_pcd.o
                0x000000000800423c                HAL_PCD_EP_Receive
 .text.HAL_PCD_EP_Transmit
                0x00000000080042b0       0x72 build/stm32g4xx_hal_pcd.o
                0x00000000080042b0                HAL_PCD_EP_Transmit
 .text.HAL_PCD_EP_SetStall
                0x0000000008004322       0xb4 build/stm32g4xx_hal_pcd.o
                0x0000000008004322                HAL_PCD_EP_SetStall
 .text.HAL_PCD_EP_ClrStall
                0x00000000080043d6       0x9c build/stm32g4xx_hal_pcd.o
                0x00000000080043d6                HAL_PCD_EP_ClrStall
 *fill*         0x0000000008004472        0x2 
 .text.PCD_EP_ISR_Handler
                0x0000000008004474      0x5c8 build/stm32g4xx_hal_pcd.o
 .text.HAL_PCDEx_PMAConfig
                0x0000000008004a3c       0x7a build/stm32g4xx_hal_pcd_ex.o
                0x0000000008004a3c                HAL_PCDEx_PMAConfig
 .text.HAL_PCDEx_ActivateLPM
                0x0000000008004ab6       0x54 build/stm32g4xx_hal_pcd_ex.o
                0x0000000008004ab6                HAL_PCDEx_ActivateLPM
 .text.HAL_PCDEx_LPM_Callback
                0x0000000008004b0a       0x18 build/stm32g4xx_hal_pcd_ex.o
                0x0000000008004b0a                HAL_PCDEx_LPM_Callback
 .text.USB_EnableGlobalInt
                0x0000000008004b22       0x30 build/stm32g4xx_ll_usb.o
                0x0000000008004b22                USB_EnableGlobalInt
 .text.USB_DisableGlobalInt
                0x0000000008004b52       0x3a build/stm32g4xx_ll_usb.o
                0x0000000008004b52                USB_DisableGlobalInt
 .text.USB_DevInit
                0x0000000008004b8c       0x48 build/stm32g4xx_ll_usb.o
                0x0000000008004b8c                USB_DevInit
 .text.USB_ActivateEndpoint
                0x0000000008004bd4      0x658 build/stm32g4xx_ll_usb.o
                0x0000000008004bd4                USB_ActivateEndpoint
 .text.USB_DeactivateEndpoint
                0x000000000800522c      0x374 build/stm32g4xx_ll_usb.o
                0x000000000800522c                USB_DeactivateEndpoint
 .text.USB_EPStartXfer
                0x00000000080055a0      0x588 build/stm32g4xx_ll_usb.o
                0x00000000080055a0                USB_EPStartXfer
 .text.USB_EPSetStall
                0x0000000008005b28       0x9c build/stm32g4xx_ll_usb.o
                0x0000000008005b28                USB_EPSetStall
 .text.USB_EPClearStall
                0x0000000008005bc4      0x140 build/stm32g4xx_ll_usb.o
                0x0000000008005bc4                USB_EPClearStall
 .text.USB_SetDevAddress
                0x0000000008005d04       0x28 build/stm32g4xx_ll_usb.o
                0x0000000008005d04                USB_SetDevAddress
 .text.USB_DevConnect
                0x0000000008005d2c       0x2e build/stm32g4xx_ll_usb.o
                0x0000000008005d2c                USB_DevConnect
 .text.USB_ReadInterrupts
                0x0000000008005d5a       0x20 build/stm32g4xx_ll_usb.o
                0x0000000008005d5a                USB_ReadInterrupts
 .text.USB_EP0_OutStart
                0x0000000008005d7a       0x18 build/stm32g4xx_ll_usb.o
                0x0000000008005d7a                USB_EP0_OutStart
 .text.USB_WritePMA
                0x0000000008005d92       0x82 build/stm32g4xx_ll_usb.o
                0x0000000008005d92                USB_WritePMA
 .text.USB_ReadPMA
                0x0000000008005e14       0x98 build/stm32g4xx_ll_usb.o
                0x0000000008005e14                USB_ReadPMA
 .text.HAL_HRTIM_Init
                0x0000000008005eac      0x1a0 build/stm32g4xx_hal_hrtim.o
                0x0000000008005eac                HAL_HRTIM_Init
 .text.HAL_HRTIM_DLLCalibrationStart
                0x000000000800604c       0xa8 build/stm32g4xx_hal_hrtim.o
                0x000000000800604c                HAL_HRTIM_DLLCalibrationStart
 .text.HAL_HRTIM_PollForDLLCalibration
                0x00000000080060f4       0x68 build/stm32g4xx_hal_hrtim.o
                0x00000000080060f4                HAL_HRTIM_PollForDLLCalibration
 .text.HAL_HRTIM_TimeBaseConfig
                0x000000000800615c       0x50 build/stm32g4xx_hal_hrtim.o
                0x000000000800615c                HAL_HRTIM_TimeBaseConfig
 .text.HAL_HRTIM_SimpleOCChannelConfig
                0x00000000080061ac      0x1a0 build/stm32g4xx_hal_hrtim.o
                0x00000000080061ac                HAL_HRTIM_SimpleOCChannelConfig
 .text.HAL_HRTIM_SimplePWMStart
                0x000000000800634c       0x78 build/stm32g4xx_hal_hrtim.o
                0x000000000800634c                HAL_HRTIM_SimplePWMStart
 .text.HAL_HRTIM_ADCTriggerConfig
                0x00000000080063c4      0x35a build/stm32g4xx_hal_hrtim.o
                0x00000000080063c4                HAL_HRTIM_ADCTriggerConfig
 .text.HAL_HRTIM_ADCPostScalerConfig
                0x000000000800671e      0x216 build/stm32g4xx_hal_hrtim.o
                0x000000000800671e                HAL_HRTIM_ADCPostScalerConfig
 .text.HAL_HRTIM_RollOverModeConfig
                0x0000000008006934       0x5e build/stm32g4xx_hal_hrtim.o
                0x0000000008006934                HAL_HRTIM_RollOverModeConfig
 .text.HAL_HRTIM_WaveformTimerControl
                0x0000000008006992       0x66 build/stm32g4xx_hal_hrtim.o
                0x0000000008006992                HAL_HRTIM_WaveformTimerControl
 .text.HAL_HRTIM_IRQHandler
                0x00000000080069f8       0x36 build/stm32g4xx_hal_hrtim.o
                0x00000000080069f8                HAL_HRTIM_IRQHandler
 .text.HAL_HRTIM_Fault1Callback
                0x0000000008006a2e       0x14 build/stm32g4xx_hal_hrtim.o
                0x0000000008006a2e                HAL_HRTIM_Fault1Callback
 .text.HAL_HRTIM_Fault2Callback
                0x0000000008006a42       0x14 build/stm32g4xx_hal_hrtim.o
                0x0000000008006a42                HAL_HRTIM_Fault2Callback
 .text.HAL_HRTIM_Fault3Callback
                0x0000000008006a56       0x14 build/stm32g4xx_hal_hrtim.o
                0x0000000008006a56                HAL_HRTIM_Fault3Callback
 .text.HAL_HRTIM_Fault4Callback
                0x0000000008006a6a       0x14 build/stm32g4xx_hal_hrtim.o
                0x0000000008006a6a                HAL_HRTIM_Fault4Callback
 .text.HAL_HRTIM_Fault5Callback
                0x0000000008006a7e       0x14 build/stm32g4xx_hal_hrtim.o
                0x0000000008006a7e                HAL_HRTIM_Fault5Callback
 .text.HAL_HRTIM_Fault6Callback
                0x0000000008006a92       0x14 build/stm32g4xx_hal_hrtim.o
                0x0000000008006a92                HAL_HRTIM_Fault6Callback
 .text.HAL_HRTIM_SystemFaultCallback
                0x0000000008006aa6       0x14 build/stm32g4xx_hal_hrtim.o
                0x0000000008006aa6                HAL_HRTIM_SystemFaultCallback
 .text.HAL_HRTIM_DLLCalibrationReadyCallback
                0x0000000008006aba       0x14 build/stm32g4xx_hal_hrtim.o
                0x0000000008006aba                HAL_HRTIM_DLLCalibrationReadyCallback
 .text.HAL_HRTIM_BurstModePeriodCallback
                0x0000000008006ace       0x14 build/stm32g4xx_hal_hrtim.o
                0x0000000008006ace                HAL_HRTIM_BurstModePeriodCallback
 .text.HAL_HRTIM_SynchronizationEventCallback
                0x0000000008006ae2       0x14 build/stm32g4xx_hal_hrtim.o
                0x0000000008006ae2                HAL_HRTIM_SynchronizationEventCallback
 .text.HAL_HRTIM_RegistersUpdateCallback
                0x0000000008006af6       0x16 build/stm32g4xx_hal_hrtim.o
                0x0000000008006af6                HAL_HRTIM_RegistersUpdateCallback
 .text.HAL_HRTIM_RepetitionEventCallback
                0x0000000008006b0c       0x16 build/stm32g4xx_hal_hrtim.o
                0x0000000008006b0c                HAL_HRTIM_RepetitionEventCallback
 .text.HAL_HRTIM_Compare1EventCallback
                0x0000000008006b22       0x16 build/stm32g4xx_hal_hrtim.o
                0x0000000008006b22                HAL_HRTIM_Compare1EventCallback
 .text.HAL_HRTIM_Compare2EventCallback
                0x0000000008006b38       0x16 build/stm32g4xx_hal_hrtim.o
                0x0000000008006b38                HAL_HRTIM_Compare2EventCallback
 .text.HAL_HRTIM_Compare3EventCallback
                0x0000000008006b4e       0x16 build/stm32g4xx_hal_hrtim.o
                0x0000000008006b4e                HAL_HRTIM_Compare3EventCallback
 .text.HAL_HRTIM_Compare4EventCallback
                0x0000000008006b64       0x16 build/stm32g4xx_hal_hrtim.o
                0x0000000008006b64                HAL_HRTIM_Compare4EventCallback
 .text.HAL_HRTIM_Capture1EventCallback
                0x0000000008006b7a       0x16 build/stm32g4xx_hal_hrtim.o
                0x0000000008006b7a                HAL_HRTIM_Capture1EventCallback
 .text.HAL_HRTIM_Capture2EventCallback
                0x0000000008006b90       0x16 build/stm32g4xx_hal_hrtim.o
                0x0000000008006b90                HAL_HRTIM_Capture2EventCallback
 .text.HAL_HRTIM_DelayedProtectionCallback
                0x0000000008006ba6       0x16 build/stm32g4xx_hal_hrtim.o
                0x0000000008006ba6                HAL_HRTIM_DelayedProtectionCallback
 .text.HAL_HRTIM_CounterResetCallback
                0x0000000008006bbc       0x16 build/stm32g4xx_hal_hrtim.o
                0x0000000008006bbc                HAL_HRTIM_CounterResetCallback
 .text.HAL_HRTIM_Output1SetCallback
                0x0000000008006bd2       0x16 build/stm32g4xx_hal_hrtim.o
                0x0000000008006bd2                HAL_HRTIM_Output1SetCallback
 .text.HAL_HRTIM_Output1ResetCallback
                0x0000000008006be8       0x16 build/stm32g4xx_hal_hrtim.o
                0x0000000008006be8                HAL_HRTIM_Output1ResetCallback
 .text.HAL_HRTIM_Output2SetCallback
                0x0000000008006bfe       0x16 build/stm32g4xx_hal_hrtim.o
                0x0000000008006bfe                HAL_HRTIM_Output2SetCallback
 .text.HAL_HRTIM_Output2ResetCallback
                0x0000000008006c14       0x16 build/stm32g4xx_hal_hrtim.o
                0x0000000008006c14                HAL_HRTIM_Output2ResetCallback
 .text.HRTIM_MasterBase_Config
                0x0000000008006c2a       0x5e build/stm32g4xx_hal_hrtim.o
 .text.HRTIM_TimingUnitBase_Config
                0x0000000008006c88       0x80 build/stm32g4xx_hal_hrtim.o
 .text.HRTIM_TimingUnitWaveform_Control
                0x0000000008006d08       0xe0 build/stm32g4xx_hal_hrtim.o
 .text.HRTIM_TimingUnitRollOver_Config
                0x0000000008006de8       0x5c build/stm32g4xx_hal_hrtim.o
 .text.HRTIM_OutputConfig
                0x0000000008006e44      0x196 build/stm32g4xx_hal_hrtim.o
 *fill*         0x0000000008006fda        0x2 
 .text.HRTIM_ForceRegistersUpdate
                0x0000000008006fdc       0xdc build/stm32g4xx_hal_hrtim.o
 .text.HRTIM_HRTIM_ISR
                0x00000000080070b8      0x1a6 build/stm32g4xx_hal_hrtim.o
 .text.HRTIM_Master_ISR
                0x000000000800725e      0x218 build/stm32g4xx_hal_hrtim.o
 .text.HRTIM_Timer_ISR
                0x0000000008007476      0x49c build/stm32g4xx_hal_hrtim.o
 .text.HAL_UART_Init
                0x0000000008007912       0xa0 build/stm32g4xx_hal_uart.o
                0x0000000008007912                HAL_UART_Init
 *fill*         0x00000000080079b2        0x6 
 .text.UART_SetConfig
                0x00000000080079b8     0x13ec build/stm32g4xx_hal_uart.o
                0x00000000080079b8                UART_SetConfig
 .text.UART_AdvFeatureConfig
                0x0000000008008da4      0x144 build/stm32g4xx_hal_uart.o
                0x0000000008008da4                UART_AdvFeatureConfig
 .text.UART_CheckIdleState
                0x0000000008008ee8       0x90 build/stm32g4xx_hal_uart.o
                0x0000000008008ee8                UART_CheckIdleState
 .text.UART_WaitOnFlagUntilTimeout
                0x0000000008008f78       0x94 build/stm32g4xx_hal_uart.o
                0x0000000008008f78                UART_WaitOnFlagUntilTimeout
 .text.HAL_UARTEx_DisableFifoMode
                0x000000000800900c       0x72 build/stm32g4xx_hal_uart_ex.o
                0x000000000800900c                HAL_UARTEx_DisableFifoMode
 .text.HAL_UARTEx_SetTxFifoThreshold
                0x000000000800907e       0x7c build/stm32g4xx_hal_uart_ex.o
                0x000000000800907e                HAL_UARTEx_SetTxFifoThreshold
 .text.HAL_UARTEx_SetRxFifoThreshold
                0x00000000080090fa       0x7c build/stm32g4xx_hal_uart_ex.o
                0x00000000080090fa                HAL_UARTEx_SetRxFifoThreshold
 *fill*         0x0000000008009176        0x2 
 .text.UARTEx_SetNbDataToProcess
                0x0000000008009178       0xd0 build/stm32g4xx_hal_uart_ex.o
 .text.HAL_Init
                0x0000000008009248       0x40 build/stm32g4xx_hal.o
                0x0000000008009248                HAL_Init
 .text.HAL_InitTick
                0x0000000008009288       0x74 build/stm32g4xx_hal.o
                0x0000000008009288                HAL_InitTick
 .text.HAL_IncTick
                0x00000000080092fc       0x24 build/stm32g4xx_hal.o
                0x00000000080092fc                HAL_IncTick
 .text.HAL_GetTick
                0x0000000008009320       0x18 build/stm32g4xx_hal.o
                0x0000000008009320                HAL_GetTick
 .text.HAL_RCC_OscConfig
                0x0000000008009338      0x630 build/stm32g4xx_hal_rcc.o
                0x0000000008009338                HAL_RCC_OscConfig
 .text.HAL_RCC_ClockConfig
                0x0000000008009968      0x278 build/stm32g4xx_hal_rcc.o
                0x0000000008009968                HAL_RCC_ClockConfig
 .text.HAL_RCC_GetSysClockFreq
                0x0000000008009be0       0xc4 build/stm32g4xx_hal_rcc.o
                0x0000000008009be0                HAL_RCC_GetSysClockFreq
 .text.HAL_RCC_GetHCLKFreq
                0x0000000008009ca4       0x18 build/stm32g4xx_hal_rcc.o
                0x0000000008009ca4                HAL_RCC_GetHCLKFreq
 .text.HAL_RCC_GetPCLK1Freq
                0x0000000008009cbc       0x2c build/stm32g4xx_hal_rcc.o
                0x0000000008009cbc                HAL_RCC_GetPCLK1Freq
 .text.HAL_RCC_GetPCLK2Freq
                0x0000000008009ce8       0x2c build/stm32g4xx_hal_rcc.o
                0x0000000008009ce8                HAL_RCC_GetPCLK2Freq
 .text.RCC_GetSysClockFreqFromPLLSource
                0x0000000008009d14       0x8c build/stm32g4xx_hal_rcc.o
 .text.HAL_RCCEx_PeriphCLKConfig
                0x0000000008009da0      0x498 build/stm32g4xx_hal_rcc_ex.o
                0x0000000008009da0                HAL_RCCEx_PeriphCLKConfig
 .text.HAL_RCCEx_CRSConfig
                0x000000000800a238       0x84 build/stm32g4xx_hal_rcc_ex.o
                0x000000000800a238                HAL_RCCEx_CRSConfig
 .text.HAL_DMA_Init
                0x000000000800a2bc      0x150 build/stm32g4xx_hal_dma.o
                0x000000000800a2bc                HAL_DMA_Init
 .text.HAL_DMA_IRQHandler
                0x000000000800a40c      0x15e build/stm32g4xx_hal_dma.o
                0x000000000800a40c                HAL_DMA_IRQHandler
 *fill*         0x000000000800a56a        0x2 
 .text.DMA_CalcDMAMUXChannelBaseAndMask
                0x000000000800a56c       0x7c build/stm32g4xx_hal_dma.o
 .text.DMA_CalcDMAMUXRequestGenBaseAndMask
                0x000000000800a5e8       0x48 build/stm32g4xx_hal_dma.o
 .text.HAL_PWREx_ControlVoltageScaling
                0x000000000800a630      0x148 build/stm32g4xx_hal_pwr_ex.o
                0x000000000800a630                HAL_PWREx_ControlVoltageScaling
 .text.__NVIC_SetPriorityGrouping
                0x000000000800a778       0x48 build/stm32g4xx_hal_cortex.o
 .text.__NVIC_GetPriorityGrouping
                0x000000000800a7c0       0x1c build/stm32g4xx_hal_cortex.o
 .text.__NVIC_EnableIRQ
                0x000000000800a7dc       0x3c build/stm32g4xx_hal_cortex.o
 .text.__NVIC_SetPriority
                0x000000000800a818       0x54 build/stm32g4xx_hal_cortex.o
 .text.NVIC_EncodePriority
                0x000000000800a86c       0x66 build/stm32g4xx_hal_cortex.o
 *fill*         0x000000000800a8d2        0x2 
 .text.SysTick_Config
                0x000000000800a8d4       0x44 build/stm32g4xx_hal_cortex.o
 .text.HAL_NVIC_SetPriorityGrouping
                0x000000000800a918       0x16 build/stm32g4xx_hal_cortex.o
                0x000000000800a918                HAL_NVIC_SetPriorityGrouping
 .text.HAL_NVIC_SetPriority
                0x000000000800a92e       0x34 build/stm32g4xx_hal_cortex.o
                0x000000000800a92e                HAL_NVIC_SetPriority
 .text.HAL_NVIC_EnableIRQ
                0x000000000800a962       0x1c build/stm32g4xx_hal_cortex.o
                0x000000000800a962                HAL_NVIC_EnableIRQ
 .text.HAL_SYSTICK_Config
                0x000000000800a97e       0x18 build/stm32g4xx_hal_cortex.o
                0x000000000800a97e                HAL_SYSTICK_Config
 *fill*         0x000000000800a996        0x2 
 .text.SystemInit
                0x000000000800a998       0x2c build/system_stm32g4xx.o
                0x000000000800a998                SystemInit
 .text.USBD_Init
                0x000000000800a9c4       0x56 build/usbd_core.o
                0x000000000800a9c4                USBD_Init
 .text.USBD_RegisterClass
                0x000000000800aa1a       0x34 build/usbd_core.o
                0x000000000800aa1a                USBD_RegisterClass
 .text.USBD_Start
                0x000000000800aa4e       0x18 build/usbd_core.o
                0x000000000800aa4e                USBD_Start
 .text.USBD_RunTestMode
                0x000000000800aa66       0x16 build/usbd_core.o
                0x000000000800aa66                USBD_RunTestMode
 .text.USBD_SetClassConfig
                0x000000000800aa7c       0x3e build/usbd_core.o
                0x000000000800aa7c                USBD_SetClassConfig
 .text.USBD_ClrClassConfig
                0x000000000800aaba       0x26 build/usbd_core.o
                0x000000000800aaba                USBD_ClrClassConfig
 .text.USBD_LL_SetupStage
                0x000000000800aae0       0x96 build/usbd_core.o
                0x000000000800aae0                USBD_LL_SetupStage
 .text.USBD_LL_DataOutStage
                0x000000000800ab76       0xe2 build/usbd_core.o
                0x000000000800ab76                USBD_LL_DataOutStage
 .text.USBD_LL_DataInStage
                0x000000000800ac58      0x14a build/usbd_core.o
                0x000000000800ac58                USBD_LL_DataInStage
 .text.USBD_LL_Reset
                0x000000000800ada2       0x82 build/usbd_core.o
                0x000000000800ada2                USBD_LL_Reset
 .text.USBD_LL_SetSpeed
                0x000000000800ae24       0x20 build/usbd_core.o
                0x000000000800ae24                USBD_LL_SetSpeed
 .text.USBD_LL_Suspend
                0x000000000800ae44       0x2a build/usbd_core.o
                0x000000000800ae44                USBD_LL_Suspend
 .text.USBD_LL_Resume
                0x000000000800ae6e       0x2c build/usbd_core.o
                0x000000000800ae6e                USBD_LL_Resume
 .text.USBD_LL_SOF
                0x000000000800ae9a       0x34 build/usbd_core.o
                0x000000000800ae9a                USBD_LL_SOF
 *fill*         0x000000000800aece        0x2 
 .text.USBD_StdDevReq
                0x000000000800aed0       0xd4 build/usbd_ctlreq.o
                0x000000000800aed0                USBD_StdDevReq
 .text.USBD_StdItfReq
                0x000000000800afa4       0x8c build/usbd_ctlreq.o
                0x000000000800afa4                USBD_StdItfReq
 .text.USBD_StdEPReq
                0x000000000800b030      0x2ba build/usbd_ctlreq.o
                0x000000000800b030                USBD_StdEPReq
 *fill*         0x000000000800b2ea        0x2 
 .text.USBD_GetDescriptor
                0x000000000800b2ec      0x2d0 build/usbd_ctlreq.o
 .text.USBD_SetAddress
                0x000000000800b5bc       0x84 build/usbd_ctlreq.o
 .text.USBD_SetConfig
                0x000000000800b640      0x11c build/usbd_ctlreq.o
 .text.USBD_GetConfig
                0x000000000800b75c       0x68 build/usbd_ctlreq.o
 .text.USBD_GetStatus
                0x000000000800b7c4       0x66 build/usbd_ctlreq.o
 .text.USBD_SetFeature
                0x000000000800b82a       0x28 build/usbd_ctlreq.o
 .text.USBD_ClrFeature
                0x000000000800b852       0x42 build/usbd_ctlreq.o
 .text.USBD_ParseSetupRequest
                0x000000000800b894       0x7a build/usbd_ctlreq.o
                0x000000000800b894                USBD_ParseSetupRequest
 .text.USBD_CtlError
                0x000000000800b90e       0x22 build/usbd_ctlreq.o
                0x000000000800b90e                USBD_CtlError
 .text.USBD_GetString
                0x000000000800b930       0x84 build/usbd_ctlreq.o
                0x000000000800b930                USBD_GetString
 .text.USBD_GetLen
                0x000000000800b9b4       0x30 build/usbd_ctlreq.o
 .text.USBD_CtlSendData
                0x000000000800b9e4       0x38 build/usbd_ioreq.o
                0x000000000800b9e4                USBD_CtlSendData
 .text.USBD_CtlContinueSendData
                0x000000000800ba1c       0x24 build/usbd_ioreq.o
                0x000000000800ba1c                USBD_CtlContinueSendData
 .text.USBD_CtlContinueRx
                0x000000000800ba40       0x24 build/usbd_ioreq.o
                0x000000000800ba40                USBD_CtlContinueRx
 .text.USBD_CtlSendStatus
                0x000000000800ba64       0x26 build/usbd_ioreq.o
                0x000000000800ba64                USBD_CtlSendStatus
 .text.USBD_CtlReceiveStatus
                0x000000000800ba8a       0x26 build/usbd_ioreq.o
                0x000000000800ba8a                USBD_CtlReceiveStatus
 .text.USBD_CDC_Init
                0x000000000800bab0       0x50 build/usbd_rt.o
 .text.USBD_CDC_DeInit
                0x000000000800bb00       0x38 build/usbd_rt.o
 .text.USBD_CDC_Setup
                0x000000000800bb38       0x24 build/usbd_rt.o
 .text.USBD_CDC_DataIn
                0x000000000800bb5c       0x22 build/usbd_rt.o
 *fill*         0x000000000800bb7e        0x2 
 .text.USBD_CDC_DataOut
                0x000000000800bb80       0x28 build/usbd_rt.o
 .text.USBD_CDC_EP0_RxReady
                0x000000000800bba8       0x16 build/usbd_rt.o
 *fill*         0x000000000800bbbe        0x2 
 .text.USBD_CDC_GetFSCfgDesc
                0x000000000800bbc0       0x20 build/usbd_rt.o
 .text.usb_send
                0x000000000800bbe0       0x1a build/usbd_rt.o
                0x000000000800bbe0                usb_send
 *fill*         0x000000000800bbfa        0x2 
 .text.USB_send
                0x000000000800bbfc       0x2c build/usbd_rt_if.o
                0x000000000800bbfc                USB_send
 .text.LL_ADC_SetCommonClock
                0x000000000800bc28       0x26 build/stm32g4xx_hal_adc.o
 .text.LL_ADC_SetCommonPathInternalCh
                0x000000000800bc4e       0x26 build/stm32g4xx_hal_adc.o
 .text.LL_ADC_GetCommonPathInternalCh
                0x000000000800bc74       0x1c build/stm32g4xx_hal_adc.o
 .text.LL_ADC_SetOffset
                0x000000000800bc90       0x44 build/stm32g4xx_hal_adc.o
 .text.LL_ADC_GetOffsetChannel
                0x000000000800bcd4       0x28 build/stm32g4xx_hal_adc.o
 .text.LL_ADC_SetOffsetState
                0x000000000800bcfc       0x30 build/stm32g4xx_hal_adc.o
 .text.LL_ADC_SetOffsetSign
                0x000000000800bd2c       0x30 build/stm32g4xx_hal_adc.o
 .text.LL_ADC_SetOffsetSaturation
                0x000000000800bd5c       0x30 build/stm32g4xx_hal_adc.o
 .text.LL_ADC_SetSamplingTimeCommonConfig
                0x000000000800bd8c       0x26 build/stm32g4xx_hal_adc.o
 .text.LL_ADC_REG_SetSequencerRanks
                0x000000000800bdb2       0x52 build/stm32g4xx_hal_adc.o
 .text.LL_ADC_SetChannelSamplingTime
                0x000000000800be04       0x50 build/stm32g4xx_hal_adc.o
 .text.LL_ADC_SetChannelSingleDiff
                0x000000000800be54       0x48 build/stm32g4xx_hal_adc.o
 .text.LL_ADC_GetMultimode
                0x000000000800be9c       0x1c build/stm32g4xx_hal_adc.o
 .text.LL_ADC_DisableDeepPowerDown
                0x000000000800beb8       0x24 build/stm32g4xx_hal_adc.o
 .text.LL_ADC_IsDeepPowerDownEnabled
                0x000000000800bedc       0x28 build/stm32g4xx_hal_adc.o
 .text.LL_ADC_EnableInternalRegulator
                0x000000000800bf04       0x28 build/stm32g4xx_hal_adc.o
 .text.LL_ADC_IsInternalRegulatorEnabled
                0x000000000800bf2c       0x28 build/stm32g4xx_hal_adc.o
 .text.LL_ADC_Enable
                0x000000000800bf54       0x28 build/stm32g4xx_hal_adc.o
 .text.LL_ADC_IsEnabled
                0x000000000800bf7c       0x26 build/stm32g4xx_hal_adc.o
 .text.LL_ADC_REG_StartConversion
                0x000000000800bfa2       0x28 build/stm32g4xx_hal_adc.o
 .text.LL_ADC_REG_IsConversionOngoing
                0x000000000800bfca       0x26 build/stm32g4xx_hal_adc.o
 .text.LL_ADC_INJ_IsConversionOngoing
                0x000000000800bff0       0x26 build/stm32g4xx_hal_adc.o
 *fill*         0x000000000800c016        0x2 
 .text.HAL_ADC_Init
                0x000000000800c018      0x380 build/stm32g4xx_hal_adc.o
                0x000000000800c018                HAL_ADC_Init
 .text.HAL_ADC_Start
                0x000000000800c398      0x1c8 build/stm32g4xx_hal_adc.o
                0x000000000800c398                HAL_ADC_Start
 .text.HAL_ADC_ConfigChannel
                0x000000000800c560      0x760 build/stm32g4xx_hal_adc.o
                0x000000000800c560                HAL_ADC_ConfigChannel
 .text.ADC_Enable
                0x000000000800ccc0       0xb4 build/stm32g4xx_hal_adc.o
                0x000000000800ccc0                ADC_Enable
 .text.LL_ADC_SetCommonPathInternalCh
                0x000000000800cd74       0x26 build/stm32g4xx_hal_adc_ex.o
 .text.LL_ADC_GetCommonPathInternalCh
                0x000000000800cd9a       0x1c build/stm32g4xx_hal_adc_ex.o
 *fill*         0x000000000800cdb6        0x2 
 .text.LL_ADC_SetOffset
                0x000000000800cdb8       0x44 build/stm32g4xx_hal_adc_ex.o
 .text.LL_ADC_GetOffsetChannel
                0x000000000800cdfc       0x28 build/stm32g4xx_hal_adc_ex.o
 .text.LL_ADC_SetOffsetState
                0x000000000800ce24       0x30 build/stm32g4xx_hal_adc_ex.o
 .text.LL_ADC_SetOffsetSign
                0x000000000800ce54       0x30 build/stm32g4xx_hal_adc_ex.o
 .text.LL_ADC_SetOffsetSaturation
                0x000000000800ce84       0x30 build/stm32g4xx_hal_adc_ex.o
 .text.LL_ADC_SetSamplingTimeCommonConfig
                0x000000000800ceb4       0x26 build/stm32g4xx_hal_adc_ex.o
 .text.LL_ADC_SetChannelSamplingTime
                0x000000000800ceda       0x50 build/stm32g4xx_hal_adc_ex.o
 *fill*         0x000000000800cf2a        0x2 
 .text.LL_ADC_SetChannelSingleDiff
                0x000000000800cf2c       0x48 build/stm32g4xx_hal_adc_ex.o
 .text.LL_ADC_IsEnabled
                0x000000000800cf74       0x26 build/stm32g4xx_hal_adc_ex.o
 .text.LL_ADC_REG_IsConversionOngoing
                0x000000000800cf9a       0x26 build/stm32g4xx_hal_adc_ex.o
 .text.LL_ADC_INJ_IsConversionOngoing
                0x000000000800cfc0       0x26 build/stm32g4xx_hal_adc_ex.o
 *fill*         0x000000000800cfe6        0x2 
 .text.HAL_ADCEx_InjectedConfigChannel
                0x000000000800cfe8      0x948 build/stm32g4xx_hal_adc_ex.o
                0x000000000800cfe8                HAL_ADCEx_InjectedConfigChannel
 .text.HAL_ADCEx_MultiModeConfigChannel
                0x000000000800d930      0x208 build/stm32g4xx_hal_adc_ex.o
                0x000000000800d930                HAL_ADCEx_MultiModeConfigChannel
 .text.main     0x000000000800db38      0x298 build/main.o
                0x000000000800db38                main
 .text.SystemClock_Config
                0x000000000800ddd0      0x120 build/main.o
                0x000000000800ddd0                SystemClock_Config
 .text.MX_ADC1_Init
                0x000000000800def0      0x178 build/main.o
 .text.MX_ADC2_Init
                0x000000000800e068      0x104 build/main.o
 .text.MX_ADC3_Init
                0x000000000800e16c      0x128 build/main.o
 .text.MX_HRTIM1_Init
                0x000000000800e294      0x2f8 build/main.o
 .text.MX_SPI2_Init
                0x000000000800e58c       0x68 build/main.o
 .text.MX_SPI3_Init
                0x000000000800e5f4       0x7c build/main.o
 .text.MX_USART1_UART_Init
                0x000000000800e670       0x98 build/main.o
 .text.MX_DMA_Init
                0x000000000800e708       0x64 build/main.o
 .text.MX_GPIO_Init
                0x000000000800e76c      0x158 build/main.o
 .text.Error_Handler
                0x000000000800e8c4        0xe build/main.o
                0x000000000800e8c4                Error_Handler
 .text.HAL_SPI_Init
                0x000000000800e8d2      0x124 build/stm32g4xx_hal_spi.o
                0x000000000800e8d2                HAL_SPI_Init
 .text.HAL_SPI_TransmitReceive
                0x000000000800e9f6      0x426 build/stm32g4xx_hal_spi.o
                0x000000000800e9f6                HAL_SPI_TransmitReceive
 .text.SPI_WaitFlagStateUntilTimeout
                0x000000000800ee1c       0xd4 build/stm32g4xx_hal_spi.o
 .text.SPI_WaitFifoStateUntilTimeout
                0x000000000800eef0       0xda build/stm32g4xx_hal_spi.o
 .text.SPI_EndRxTxTransaction
                0x000000000800efca       0x8c build/stm32g4xx_hal_spi.o
 *fill*         0x000000000800f056        0x2 
 .text.param    0x000000000800f058       0x14 build/param.o
                0x000000000800f058                param
 .text.init_param_from_flash
                0x000000000800f06c       0x24 build/param.o
                0x000000000800f06c                init_param_from_flash
 .text._ZN13PIDControllerD2Ev
                0x000000000800f090       0x20 build/control_fun.o
                0x000000000800f090                PIDController::~PIDController()
                0x000000000800f090                PIDController::~PIDController()
 .text._ZN13PIDControllerD0Ev
                0x000000000800f0b0       0x1e build/control_fun.o
                0x000000000800f0b0                PIDController::~PIDController()
 .text._Z4fsatff
                0x000000000800f0ce       0x64 build/control_fun.o
                0x000000000800f0ce                fsat(float, float)
 .text._ZN12PIController9set_paramERK7PIParam
                0x000000000800f132       0x36 build/control_fun.o
                0x000000000800f132                PIController::set_param(PIParam const&)
 .text._ZN13PIDController9set_paramERK8PIDParam
                0x000000000800f168       0x3e build/control_fun.o
                0x000000000800f168                PIDController::set_param(PIDParam const&)
 .text._ZNK3FOC10get_statusEP9FOCStatus
                0x000000000800f1a6       0x2e build/fast_loop.o
                0x000000000800f1a6                FOC::get_status(FOCStatus*) const
 .text._ZL9get_clockv
                0x000000000800f1d4       0x18 build/fast_loop.o
 .text._ZN8FastLoopC2ER3PWMR7Encoder
                0x000000000800f1ec      0x164 build/fast_loop.o
                0x000000000800f1ec                FastLoop::FastLoop(PWM&, Encoder&)
                0x000000000800f1ec                FastLoop::FastLoop(PWM&, Encoder&)
 .text._ZN8FastLoopD2Ev
                0x000000000800f350       0x2a build/fast_loop.o
                0x000000000800f350                FastLoop::~FastLoop()
                0x000000000800f350                FastLoop::~FastLoop()
 *fill*         0x000000000800f37a        0x2 
 .text._ZN8FastLoop9set_paramERK13FastLoopParam
                0x000000000800f37c       0x80 build/fast_loop.o
                0x000000000800f37c                FastLoop::set_param(FastLoopParam const&)
 .text._ZN8FastLoop10get_statusEP14FastLoopStatus
                0x000000000800f3fc       0x86 build/fast_loop.o
                0x000000000800f3fc                FastLoop::get_status(FastLoopStatus*)
 *fill*         0x000000000800f482        0x2 
 .text._ZN8FastLoop14set_phase_modeEv
                0x000000000800f484       0x34 build/fast_loop.o
                0x000000000800f484                FastLoop::set_phase_mode()
 .text._ZN8FastLoop10set_iq_desEf
                0x000000000800f4b8       0x32 build/foc_i.o
                0x000000000800f4b8                FastLoop::set_iq_des(float)
 *fill*         0x000000000800f4ea        0x2 
 .text.fast_loop_update
                0x000000000800f4ec       0x18 build/foc_i.o
                0x000000000800f4ec                fast_loop_update
 .text.fast_loop_set_iq_des
                0x000000000800f504       0x24 build/foc_i.o
                0x000000000800f504                fast_loop_set_iq_des
 .text.fast_loop_set_param
                0x000000000800f528       0x20 build/foc_i.o
                0x000000000800f528                fast_loop_set_param
 .text.fast_loop_get_status
                0x000000000800f548       0x20 build/foc_i.o
                0x000000000800f548                fast_loop_get_status
 .text.main_loop_update
                0x000000000800f568       0x18 build/foc_i.o
                0x000000000800f568                main_loop_update
 .text.main_loop_set_param
                0x000000000800f580       0x20 build/foc_i.o
                0x000000000800f580                main_loop_set_param
 .text._ZN12PIControllerD2Ev
                0x000000000800f5a0       0x16 build/foc.o
                0x000000000800f5a0                PIController::~PIController()
                0x000000000800f5a0                PIController::~PIController()
 .text._ZN12PIControllerC2Ev
                0x000000000800f5b6       0x3e build/foc.o
                0x000000000800f5b6                PIController::PIController()
                0x000000000800f5b6                PIController::PIController()
 .text._ZN3FOCC2Ev
                0x000000000800f5f4       0x5c build/foc.o
                0x000000000800f5f4                FOC::FOC()
                0x000000000800f5f4                FOC::FOC()
 .text._ZN3FOCD2Ev
                0x000000000800f650       0x3a build/foc.o
                0x000000000800f650                FOC::~FOC()
                0x000000000800f650                FOC::~FOC()
 .text._ZN3FOC9set_paramERK8FOCParam
                0x000000000800f68a       0x44 build/foc.o
                0x000000000800f68a                FOC::set_param(FOCParam const&)
 .text._ZN4GPIOC2ER12GPIO_TypeDefhNS_9DirectionE
                0x000000000800f6ce       0x3e build/gpio.o
                0x000000000800f6ce                GPIO::GPIO(GPIO_TypeDef&, unsigned char, GPIO::Direction)
                0x000000000800f6ce                GPIO::GPIO(GPIO_TypeDef&, unsigned char, GPIO::Direction)
 .text._ZN4GPIO3setEv
                0x000000000800f70c       0x26 build/gpio.o
                0x000000000800f70c                GPIO::set()
 .text._ZN4GPIO5clearEv
                0x000000000800f732       0x28 build/gpio.o
                0x000000000800f732                GPIO::clear()
 .text._ZN4GPIO13set_directionENS_9DirectionE
                0x000000000800f75a       0x1e build/gpio.o
                0x000000000800f75a                GPIO::set_direction(GPIO::Direction)
 .text._ZN3LED6updateEv
                0x000000000800f778       0xd4 build/main_loop.o
                0x000000000800f778                LED::update()
 .text._ZN8MainLoop6updateEv
                0x000000000800f84c       0xb0 build/main_loop.o
                0x000000000800f84c                MainLoop::update()
 .text._ZN8MainLoop9set_paramER13MainLoopParam
                0x000000000800f8fc       0x3a build/main_loop.o
                0x000000000800f8fc                MainLoop::set_param(MainLoopParam&)
 .text._ZN3PWM8set_vbusEf
                0x000000000800f936       0x32 build/pwm.o
                0x000000000800f936                PWM::set_vbus(float)
 .text._ZN3PWM16set_frequency_hzEm
                0x000000000800f968       0x60 build/pwm.o
                0x000000000800f968                PWM::set_frequency_hz(unsigned long)
 .text._ZN8MainLoopC2ER13PIDControllerR13CommunicationR3LED
                0x000000000800f9c8       0x5c build/config.o
                0x000000000800f9c8                MainLoop::MainLoop(PIDController&, Communication&, LED&)
                0x000000000800f9c8                MainLoop::MainLoop(PIDController&, Communication&, LED&)
 .text._ZN3LEDC2EPtS0_S0_b
                0x000000000800fa24       0x48 build/config.o
                0x000000000800fa24                LED::LED(unsigned short*, unsigned short*, unsigned short*, bool)
                0x000000000800fa24                LED::LED(unsigned short*, unsigned short*, unsigned short*, bool)
 .text._ZN7EncoderC2EPVl
                0x000000000800fa6c       0x28 build/config.o
                0x000000000800fa6c                Encoder::Encoder(long volatile*)
                0x000000000800fa6c                Encoder::Encoder(long volatile*)
 .text._ZN7Encoder9get_valueEv
                0x000000000800fa94       0x1a build/config.o
                0x000000000800fa94                Encoder::get_value()
 .text._ZN7Encoder7triggerEv
                0x000000000800faae       0x14 build/config.o
                0x000000000800faae                Encoder::trigger()
 .text._ZN3PWMC2EmRmS0_S0_R11TIM_TypeDefR4GPIO
                0x000000000800fac2       0x48 build/config.o
                0x000000000800fac2                PWM::PWM(unsigned long, unsigned long&, unsigned long&, unsigned long&, TIM_TypeDef&, GPIO&)
                0x000000000800fac2                PWM::PWM(unsigned long, unsigned long&, unsigned long&, unsigned long&, TIM_TypeDef&, GPIO&)
 *fill*         0x000000000800fb0a        0x2 
 .text._ZN10SPIEncoderC2ER11SPI_TypeDefR4GPIO
                0x000000000800fb0c       0x38 build/config.o
                0x000000000800fb0c                SPIEncoder::SPIEncoder(SPI_TypeDef&, GPIO&)
                0x000000000800fb0c                SPIEncoder::SPIEncoder(SPI_TypeDef&, GPIO&)
 .text._ZN13Aksim2EncoderC2ER11SPI_TypeDefR4GPIO
                0x000000000800fb44       0x60 build/config.o
                0x000000000800fb44                Aksim2Encoder::Aksim2Encoder(SPI_TypeDef&, GPIO&)
                0x000000000800fb44                Aksim2Encoder::Aksim2Encoder(SPI_TypeDef&, GPIO&)
 .text._ZN13PIDControllerC2Ev
                0x000000000800fba4       0x58 build/config.o
                0x000000000800fba4                PIDController::PIDController()
                0x000000000800fba4                PIDController::PIDController()
 .text._ZN13CommunicationC2Ev
                0x000000000800fbfc       0x20 build/config.o
                0x000000000800fbfc                Communication::Communication()
                0x000000000800fbfc                Communication::Communication()
 .text._ZN16USBCommunicationC2Ev
                0x000000000800fc1c       0x24 build/config.o
                0x000000000800fc1c                USBCommunication::USBCommunication()
                0x000000000800fc1c                USBCommunication::USBCommunication()
 .text._ZN5._149C2Ev
                0x000000000800fc40       0xf4 build/config.o
 .text._ZN6ConfigC2Ev
                0x000000000800fd34       0x2c build/config.o
                0x000000000800fd34                Config::Config()
                0x000000000800fd34                Config::Config()
 .text._ZN5._149D2Ev
                0x000000000800fd60       0x2a build/config.o
 *fill*         0x000000000800fd8a        0x2 
 .text._Z41__static_initialization_and_destruction_0ii
                0x000000000800fd8c       0x48 build/config.o
 .text._GLOBAL__sub_I_config
                0x000000000800fdd4       0x10 build/config.o
 .text._ZN13Aksim2Encoder4initEv
                0x000000000800fde4       0x80 build/aksim2_encoder.o
                0x000000000800fde4                Aksim2Encoder::init()
 .text._ZN4USB111send_data32EhPKmh
                0x000000000800fe64       0x20 build/usb_communication.o
                0x000000000800fe64                USB1::send_data32(unsigned char, unsigned long const*, unsigned char)
 .text._ZN4USB19send_dataEhPKhh
                0x000000000800fe84       0x34 build/usb_communication.o
                0x000000000800fe84                USB1::send_data(unsigned char, unsigned char const*, unsigned char)
 .text._ZN16USBCommunication4initEv
                0x000000000800feb8       0x1e build/usb_communication.o
                0x000000000800feb8                USBCommunication::init()
 .text._ZN16USBCommunication12receive_dataEP11ReceiveData
                0x000000000800fed6       0x18 build/usb_communication.o
                0x000000000800fed6                USBCommunication::receive_data(ReceiveData*)
 .text._ZN16USBCommunication9send_dataERK8SendData
                0x000000000800feee       0x20 build/usb_communication.o
                0x000000000800feee                USBCommunication::send_data(SendData const&)
 .text._ZNSt14_Function_baseC2Ev
                0x000000000800ff0e       0x1c build/main2.o
                0x000000000800ff0e                std::_Function_base::_Function_base()
                0x000000000800ff0e                std::_Function_base::_Function_base()
 .text._ZNSt14_Function_baseD2Ev
                0x000000000800ff2a       0x26 build/main2.o
                0x000000000800ff2a                std::_Function_base::~_Function_base()
                0x000000000800ff2a                std::_Function_base::~_Function_base()
 .text.init     0x000000000800ff50       0x14 build/main2.o
                0x000000000800ff50                init
 .text.usb_interrupt
                0x000000000800ff64        0xe build/main2.o
                0x000000000800ff64                usb_interrupt
 .text._ZNSt8functionIFvvEEC2Ev
                0x000000000800ff72       0x1a build/main2.o
                0x000000000800ff72                std::function<void ()>::function()
                0x000000000800ff72                std::function<void ()>::function()
 .text._ZNSt8functionIFvvEED2Ev
                0x000000000800ff8c       0x1a build/main2.o
                0x000000000800ff8c                std::function<void ()>::~function()
                0x000000000800ff8c                std::function<void ()>::~function()
 *fill*         0x000000000800ffa6        0x2 
 .text._Z41__static_initialization_and_destruction_0ii
                0x000000000800ffa8       0x40 build/main2.o
 .text._GLOBAL__sub_I_usb
                0x000000000800ffe8       0x10 build/main2.o
 .text._ZN4USBD4initEv
                0x000000000800fff8       0x14 build/usb.o
                0x000000000800fff8                USBD::init()
 .text.Reset_Handler
                0x000000000801000c       0x74 build/startup_stm32g474xx.o
                0x000000000801000c                Reset_Handler
 .text.Default_Handler
                0x0000000008010080        0xc build/startup_stm32g474xx.o
                0x0000000008010080                RTC_Alarm_IRQHandler
                0x0000000008010080                EXTI2_IRQHandler
                0x0000000008010080                TIM8_TRG_COM_IRQHandler
                0x0000000008010080                TIM8_CC_IRQHandler
                0x0000000008010080                SPI4_IRQHandler
                0x0000000008010080                FDCAN3_IT0_IRQHandler
                0x0000000008010080                TIM1_CC_IRQHandler
                0x0000000008010080                HRTIM1_FLT_IRQHandler
                0x0000000008010080                HRTIM1_TIMF_IRQHandler
                0x0000000008010080                USB_HP_IRQHandler
                0x0000000008010080                CORDIC_IRQHandler
                0x0000000008010080                HRTIM1_TIMD_IRQHandler
                0x0000000008010080                DMA2_Channel8_IRQHandler
                0x0000000008010080                EXTI3_IRQHandler
                0x0000000008010080                I2C3_ER_IRQHandler
                0x0000000008010080                EXTI0_IRQHandler
                0x0000000008010080                I2C2_EV_IRQHandler
                0x0000000008010080                FPU_IRQHandler
                0x0000000008010080                FDCAN1_IT1_IRQHandler
                0x0000000008010080                TIM1_UP_TIM16_IRQHandler
                0x0000000008010080                HRTIM1_TIME_IRQHandler
                0x0000000008010080                SPI1_IRQHandler
                0x0000000008010080                TIM6_DAC_IRQHandler
                0x0000000008010080                HRTIM1_TIMC_IRQHandler
                0x0000000008010080                TIM8_UP_IRQHandler
                0x0000000008010080                DMA2_Channel2_IRQHandler
                0x0000000008010080                DMA1_Channel4_IRQHandler
                0x0000000008010080                TIM20_TRG_COM_IRQHandler
                0x0000000008010080                USART3_IRQHandler
                0x0000000008010080                DMA1_Channel7_IRQHandler
                0x0000000008010080                UART5_IRQHandler
                0x0000000008010080                ADC3_IRQHandler
                0x0000000008010080                TIM4_IRQHandler
                0x0000000008010080                DMA2_Channel1_IRQHandler
                0x0000000008010080                QUADSPI_IRQHandler
                0x0000000008010080                I2C1_EV_IRQHandler
                0x0000000008010080                DMA1_Channel6_IRQHandler
                0x0000000008010080                UART4_IRQHandler
                0x0000000008010080                DMA2_Channel4_IRQHandler
                0x0000000008010080                TIM3_IRQHandler
                0x0000000008010080                RCC_IRQHandler
                0x0000000008010080                TIM20_UP_IRQHandler
                0x0000000008010080                Default_Handler
                0x0000000008010080                DMA2_Channel7_IRQHandler
                0x0000000008010080                RTC_TAMP_LSECSS_IRQHandler
                0x0000000008010080                FMAC_IRQHandler
                0x0000000008010080                DMA1_Channel8_IRQHandler
                0x0000000008010080                HRTIM1_TIMA_IRQHandler
                0x0000000008010080                TIM7_DAC_IRQHandler
                0x0000000008010080                FDCAN3_IT1_IRQHandler
                0x0000000008010080                TIM5_IRQHandler
                0x0000000008010080                UCPD1_IRQHandler
                0x0000000008010080                I2C3_EV_IRQHandler
                0x0000000008010080                EXTI9_5_IRQHandler
                0x0000000008010080                RTC_WKUP_IRQHandler
                0x0000000008010080                PVD_PVM_IRQHandler
                0x0000000008010080                ADC5_IRQHandler
                0x0000000008010080                DMA2_Channel5_IRQHandler
                0x0000000008010080                CRS_IRQHandler
                0x0000000008010080                DMA1_Channel5_IRQHandler
                0x0000000008010080                EXTI4_IRQHandler
                0x0000000008010080                RNG_IRQHandler
                0x0000000008010080                HRTIM1_TIMB_IRQHandler
                0x0000000008010080                TIM1_TRG_COM_TIM17_IRQHandler
                0x0000000008010080                FDCAN2_IT1_IRQHandler
                0x0000000008010080                DMA1_Channel3_IRQHandler
                0x0000000008010080                ADC4_IRQHandler
                0x0000000008010080                I2C4_EV_IRQHandler
                0x0000000008010080                FDCAN2_IT0_IRQHandler
                0x0000000008010080                LPUART1_IRQHandler
                0x0000000008010080                DMA2_Channel6_IRQHandler
                0x0000000008010080                FDCAN1_IT0_IRQHandler
                0x0000000008010080                TIM2_IRQHandler
                0x0000000008010080                COMP7_IRQHandler
                0x0000000008010080                COMP1_2_3_IRQHandler
                0x0000000008010080                EXTI1_IRQHandler
                0x0000000008010080                USART2_IRQHandler
                0x0000000008010080                COMP4_5_6_IRQHandler
                0x0000000008010080                TIM20_BRK_IRQHandler
                0x0000000008010080                I2C2_ER_IRQHandler
                0x0000000008010080                TIM8_BRK_IRQHandler
                0x0000000008010080                FLASH_IRQHandler
                0x0000000008010080                TIM20_CC_IRQHandler
                0x0000000008010080                USART1_IRQHandler
                0x0000000008010080                SPI3_IRQHandler
                0x0000000008010080                I2C1_ER_IRQHandler
                0x0000000008010080                FMC_IRQHandler
                0x0000000008010080                LPTIM1_IRQHandler
                0x0000000008010080                DMAMUX_OVR_IRQHandler
                0x0000000008010080                I2C4_ER_IRQHandler
                0x0000000008010080                USBWakeUp_IRQHandler
                0x0000000008010080                SAI1_IRQHandler
                0x0000000008010080                DMA2_Channel3_IRQHandler
                0x0000000008010080                TIM1_BRK_TIM15_IRQHandler
                0x0000000008010088                SPI2_IRQHandler
                0x000000000801008a                WWDG_IRQHandler
 .text._Znwj    0x000000000801008c       0x20 /opt/gcc-arm-none-eabi-8-2019-q3-update/bin/../lib/gcc/arm-none-eabi/8.3.1/../../../../arm-none-eabi/lib/thumb/v7e-m+fp/hard/libstdc++_nano.a(new_op.o)
                0x000000000801008c                operator new(unsigned int)
 .text._ZdlPv   0x00000000080100ac        0x4 /opt/gcc-arm-none-eabi-8-2019-q3-update/bin/../lib/gcc/arm-none-eabi/8.3.1/../../../../arm-none-eabi/lib/thumb/v7e-m+fp/hard/libstdc++_nano.a(del_op.o)
                0x00000000080100ac                operator delete(void*)
 .text._ZL12read_uleb128PKhPm
                0x00000000080100b0       0x1e /opt/gcc-arm-none-eabi-8-2019-q3-update/bin/../lib/gcc/arm-none-eabi/8.3.1/../../../../arm-none-eabi/lib/thumb/v7e-m+fp/hard/libstdc++_nano.a(eh_personality.o)
 .text._ZL12read_sleb128PKhPl
                0x00000000080100ce       0x30 /opt/gcc-arm-none-eabi-8-2019-q3-update/bin/../lib/gcc/arm-none-eabi/8.3.1/../../../../arm-none-eabi/lib/thumb/v7e-m+fp/hard/libstdc++_nano.a(eh_personality.o)
 .text._ZL28read_encoded_value_with_basehjPKhPj
                0x00000000080100fe       0x88 /opt/gcc-arm-none-eabi-8-2019-q3-update/bin/../lib/gcc/arm-none-eabi/8.3.1/../../../../arm-none-eabi/lib/thumb/v7e-m+fp/hard/libstdc++_nano.a(eh_personality.o)
 .text._ZL21base_of_encoded_valuehP15_Unwind_Context
                0x0000000008010186       0x46 /opt/gcc-arm-none-eabi-8-2019-q3-update/bin/../lib/gcc/arm-none-eabi/8.3.1/../../../../arm-none-eabi/lib/thumb/v7e-m+fp/hard/libstdc++_nano.a(eh_personality.o)
 .text._ZL18read_encoded_valueP15_Unwind_ContexthPKhPj
                0x00000000080101cc       0x20 /opt/gcc-arm-none-eabi-8-2019-q3-update/bin/../lib/gcc/arm-none-eabi/8.3.1/../../../../arm-none-eabi/lib/thumb/v7e-m+fp/hard/libstdc++_nano.a(eh_personality.o)
 .text._ZL17parse_lsda_headerP15_Unwind_ContextPKhP16lsda_header_info
                0x00000000080101ec       0x5e /opt/gcc-arm-none-eabi-8-2019-q3-update/bin/../lib/gcc/arm-none-eabi/8.3.1/../../../../arm-none-eabi/lib/thumb/v7e-m+fp/hard/libstdc++_nano.a(eh_personality.o)
 .text._Unwind_GetGR
                0x000000000801024a       0x18 /opt/gcc-arm-none-eabi-8-2019-q3-update/bin/../lib/gcc/arm-none-eabi/8.3.1/../../../../arm-none-eabi/lib/thumb/v7e-m+fp/hard/libstdc++_nano.a(eh_personality.o)
 *fill*         0x0000000008010262        0x2 
 .text.__gxx_personality_v0
                0x0000000008010264      0x338 /opt/gcc-arm-none-eabi-8-2019-q3-update/bin/../lib/gcc/arm-none-eabi/8.3.1/../../../../arm-none-eabi/lib/thumb/v7e-m+fp/hard/libstdc++_nano.a(eh_personality.o)
                0x0000000008010264                __gxx_personality_v0
 .text._ZN10__cxxabiv1L24__is_gxx_exception_classEPc
                0x000000000801059c       0x3a /opt/gcc-arm-none-eabi-8-2019-q3-update/bin/../lib/gcc/arm-none-eabi/8.3.1/../../../../arm-none-eabi/lib/thumb/v7e-m+fp/hard/libstdc++_nano.a(eh_call.o)
 .text.__cxa_call_terminate
                0x00000000080105d6       0x1e /opt/gcc-arm-none-eabi-8-2019-q3-update/bin/../lib/gcc/arm-none-eabi/8.3.1/../../../../arm-none-eabi/lib/thumb/v7e-m+fp/hard/libstdc++_nano.a(eh_call.o)
                0x00000000080105d6                __cxa_call_terminate
 .text.__cxa_call_unexpected
                0x00000000080105f4       0x28 /opt/gcc-arm-none-eabi-8-2019-q3-update/bin/../lib/gcc/arm-none-eabi/8.3.1/../../../../arm-none-eabi/lib/thumb/v7e-m+fp/hard/libstdc++_nano.a(eh_call.o)
                0x00000000080105f4                __cxa_call_unexpected
 .text.__cxa_pure_virtual
                0x000000000801061c        0x6 /opt/gcc-arm-none-eabi-8-2019-q3-update/bin/../lib/gcc/arm-none-eabi/8.3.1/../../../../arm-none-eabi/lib/thumb/v7e-m+fp/hard/libstdc++_nano.a(pure.o)
                0x000000000801061c                __cxa_pure_virtual
 *fill*         0x0000000008010622        0x2 
 .text._ZSt15get_new_handlerv
                0x0000000008010624       0x10 /opt/gcc-arm-none-eabi-8-2019-q3-update/bin/../lib/gcc/arm-none-eabi/8.3.1/../../../../arm-none-eabi/lib/thumb/v7e-m+fp/hard/libstdc++_nano.a(new_handler.o)
                0x0000000008010624                std::get_new_handler()
 .text._ZN10__cxxabiv1L24__is_gxx_exception_classEPc
                0x0000000008010634       0x3a /opt/gcc-arm-none-eabi-8-2019-q3-update/bin/../lib/gcc/arm-none-eabi/8.3.1/../../../../arm-none-eabi/lib/thumb/v7e-m+fp/hard/libstdc++_nano.a(eh_catch.o)
 .text.__cxa_begin_catch
                0x000000000801066e       0x52 /opt/gcc-arm-none-eabi-8-2019-q3-update/bin/../lib/gcc/arm-none-eabi/8.3.1/../../../../arm-none-eabi/lib/thumb/v7e-m+fp/hard/libstdc++_nano.a(eh_catch.o)
                0x000000000801066e                __cxa_begin_catch
 .text.__cxa_get_globals
                0x00000000080106c0        0x8 /opt/gcc-arm-none-eabi-8-2019-q3-update/bin/../lib/gcc/arm-none-eabi/8.3.1/../../../../arm-none-eabi/lib/thumb/v7e-m+fp/hard/libstdc++_nano.a(eh_globals.o)
                0x00000000080106c0                __cxa_get_globals
 .text._ZN10__cxxabiv111__terminateEPFvvE
                0x00000000080106c8        0x8 /opt/gcc-arm-none-eabi-8-2019-q3-update/bin/../lib/gcc/arm-none-eabi/8.3.1/../../../../arm-none-eabi/lib/thumb/v7e-m+fp/hard/libstdc++_nano.a(eh_terminate.o)
                0x00000000080106c8                __cxxabiv1::__terminate(void (*)())
 .text._ZSt13get_terminatev
                0x00000000080106d0       0x10 /opt/gcc-arm-none-eabi-8-2019-q3-update/bin/../lib/gcc/arm-none-eabi/8.3.1/../../../../arm-none-eabi/lib/thumb/v7e-m+fp/hard/libstdc++_nano.a(eh_terminate.o)
                0x00000000080106d0                std::get_terminate()
 .text._ZSt9terminatev
                0x00000000080106e0        0xa /opt/gcc-arm-none-eabi-8-2019-q3-update/bin/../lib/gcc/arm-none-eabi/8.3.1/../../../../arm-none-eabi/lib/thumb/v7e-m+fp/hard/libstdc++_nano.a(eh_terminate.o)
                0x00000000080106e0                std::terminate()
 .text._ZN10__cxxabiv112__unexpectedEPFvvE
                0x00000000080106ea        0x8 /opt/gcc-arm-none-eabi-8-2019-q3-update/bin/../lib/gcc/arm-none-eabi/8.3.1/../../../../arm-none-eabi/lib/thumb/v7e-m+fp/hard/libstdc++_nano.a(eh_terminate.o)
                0x00000000080106ea                __cxxabiv1::__unexpected(void (*)())
 *fill*         0x00000000080106f2        0x2 
 .text._ZSt14get_unexpectedv
                0x00000000080106f4       0x10 /opt/gcc-arm-none-eabi-8-2019-q3-update/bin/../lib/gcc/arm-none-eabi/8.3.1/../../../../arm-none-eabi/lib/thumb/v7e-m+fp/hard/libstdc++_nano.a(eh_terminate.o)
                0x00000000080106f4                std::get_unexpected()
 .text._ZSt10unexpectedv
                0x0000000008010704        0xa /opt/gcc-arm-none-eabi-8-2019-q3-update/bin/../lib/gcc/arm-none-eabi/8.3.1/../../../../arm-none-eabi/lib/thumb/v7e-m+fp/hard/libstdc++_nano.a(eh_terminate.o)
                0x0000000008010704                std::unexpected()
 .text.__cxa_end_cleanup
                0x000000000801070e        0xc /opt/gcc-arm-none-eabi-8-2019-q3-update/bin/../lib/gcc/arm-none-eabi/8.3.1/../../../../arm-none-eabi/lib/thumb/v7e-m+fp/hard/libstdc++_nano.a(eh_arm.o)
                0x000000000801070e                __cxa_end_cleanup
 .text._ZN10__cxxabiv1L24__is_gxx_exception_classEPc
                0x000000000801071a       0x3a /opt/gcc-arm-none-eabi-8-2019-q3-update/bin/../lib/gcc/arm-none-eabi/8.3.1/../../../../arm-none-eabi/lib/thumb/v7e-m+fp/hard/libstdc++_nano.a(eh_arm.o)
 .text.__cxa_type_match
                0x0000000008010754       0xbc /opt/gcc-arm-none-eabi-8-2019-q3-update/bin/../lib/gcc/arm-none-eabi/8.3.1/../../../../arm-none-eabi/lib/thumb/v7e-m+fp/hard/libstdc++_nano.a(eh_arm.o)
                0x0000000008010754                __cxa_type_match
 .text.__cxa_begin_cleanup
                0x0000000008010810       0x3a /opt/gcc-arm-none-eabi-8-2019-q3-update/bin/../lib/gcc/arm-none-eabi/8.3.1/../../../../arm-none-eabi/lib/thumb/v7e-m+fp/hard/libstdc++_nano.a(eh_arm.o)
                0x0000000008010810                __cxa_begin_cleanup
 .text.__gnu_end_cleanup
                0x000000000801084a       0x32 /opt/gcc-arm-none-eabi-8-2019-q3-update/bin/../lib/gcc/arm-none-eabi/8.3.1/../../../../arm-none-eabi/lib/thumb/v7e-m+fp/hard/libstdc++_nano.a(eh_arm.o)
                0x000000000801084a                __gnu_end_cleanup
 .text.__aeabi_atexit
                0x000000000801087c        0xa /opt/gcc-arm-none-eabi-8-2019-q3-update/bin/../lib/gcc/arm-none-eabi/8.3.1/../../../../arm-none-eabi/lib/thumb/v7e-m+fp/hard/libstdc++_nano.a(atexit_arm.o)
                0x000000000801087c                __aeabi_atexit
 *fill*         0x0000000008010886        0x2 
 .text._ZN10__cxxabiv120__si_class_type_infoD2Ev
                0x0000000008010888       0x14 /opt/gcc-arm-none-eabi-8-2019-q3-update/bin/../lib/gcc/arm-none-eabi/8.3.1/../../../../arm-none-eabi/lib/thumb/v7e-m+fp/hard/libstdc++_nano.a(si_class_type_info.o)
                0x0000000008010888                __cxxabiv1::__si_class_type_info::~__si_class_type_info()
                0x0000000008010888                __cxxabiv1::__si_class_type_info::~__si_class_type_info()
 .text._ZN10__cxxabiv120__si_class_type_infoD0Ev
                0x000000000801089c       0x14 /opt/gcc-arm-none-eabi-8-2019-q3-update/bin/../lib/gcc/arm-none-eabi/8.3.1/../../../../arm-none-eabi/lib/thumb/v7e-m+fp/hard/libstdc++_nano.a(si_class_type_info.o)
                0x000000000801089c                __cxxabiv1::__si_class_type_info::~__si_class_type_info()
 .text._ZNK10__cxxabiv120__si_class_type_info20__do_find_public_srcEiPKvPKNS_17__class_type_infoES2_
                0x00000000080108b0       0x38 /opt/gcc-arm-none-eabi-8-2019-q3-update/bin/../lib/gcc/arm-none-eabi/8.3.1/../../../../arm-none-eabi/lib/thumb/v7e-m+fp/hard/libstdc++_nano.a(si_class_type_info.o)
                0x00000000080108b0                __cxxabiv1::__si_class_type_info::__do_find_public_src(int, void const*, __cxxabiv1::__class_type_info const*, void const*) const
 .text._ZNK10__cxxabiv120__si_class_type_info12__do_dyncastEiNS_17__class_type_info10__sub_kindEPKS1_PKvS4_S6_RNS1_16__dyncast_resultE
                0x00000000080108e8       0x74 /opt/gcc-arm-none-eabi-8-2019-q3-update/bin/../lib/gcc/arm-none-eabi/8.3.1/../../../../arm-none-eabi/lib/thumb/v7e-m+fp/hard/libstdc++_nano.a(si_class_type_info.o)
                0x00000000080108e8                __cxxabiv1::__si_class_type_info::__do_dyncast(int, __cxxabiv1::__class_type_info::__sub_kind, __cxxabiv1::__class_type_info const*, void const*, __cxxabiv1::__class_type_info const*, void const*, __cxxabiv1::__class_type_info::__dyncast_result&) const
 .text._ZNK10__cxxabiv120__si_class_type_info11__do_upcastEPKNS_17__class_type_infoEPKvRNS1_15__upcast_resultE
                0x000000000801095c       0x2a /opt/gcc-arm-none-eabi-8-2019-q3-update/bin/../lib/gcc/arm-none-eabi/8.3.1/../../../../arm-none-eabi/lib/thumb/v7e-m+fp/hard/libstdc++_nano.a(si_class_type_info.o)
                0x000000000801095c                __cxxabiv1::__si_class_type_info::__do_upcast(__cxxabiv1::__class_type_info const*, void const*, __cxxabiv1::__class_type_info::__upcast_result&) const
 .text._ZNSt9type_infoD2Ev
                0x0000000008010986        0x2 /opt/gcc-arm-none-eabi-8-2019-q3-update/bin/../lib/gcc/arm-none-eabi/8.3.1/../../../../arm-none-eabi/lib/thumb/v7e-m+fp/hard/libstdc++_nano.a(tinfo.o)
                0x0000000008010986                std::type_info::~type_info()
                0x0000000008010986                std::type_info::~type_info()
 .text._ZNKSt9type_info14__is_pointer_pEv
                0x0000000008010988        0x4 /opt/gcc-arm-none-eabi-8-2019-q3-update/bin/../lib/gcc/arm-none-eabi/8.3.1/../../../../arm-none-eabi/lib/thumb/v7e-m+fp/hard/libstdc++_nano.a(tinfo.o)
                0x0000000008010988                std::type_info::__is_function_p() const
                0x0000000008010988                std::type_info::__is_pointer_p() const
 .text._ZNKSt9type_infoeqERKS_
                0x000000000801098c       0x2c /opt/gcc-arm-none-eabi-8-2019-q3-update/bin/../lib/gcc/arm-none-eabi/8.3.1/../../../../arm-none-eabi/lib/thumb/v7e-m+fp/hard/libstdc++_nano.a(tinfo.o)
                0x000000000801098c                std::type_info::operator==(std::type_info const&) const
 .text._ZNK10__cxxabiv117__class_type_info11__do_upcastEPKS0_PPv
                0x00000000080109b8       0x34 /opt/gcc-arm-none-eabi-8-2019-q3-update/bin/../lib/gcc/arm-none-eabi/8.3.1/../../../../arm-none-eabi/lib/thumb/v7e-m+fp/hard/libstdc++_nano.a(class_type_info.o)
                0x00000000080109b8                __cxxabiv1::__class_type_info::__do_upcast(__cxxabiv1::__class_type_info const*, void**) const
 .text._ZNK10__cxxabiv117__class_type_info20__do_find_public_srcEiPKvPKS0_S2_
                0x00000000080109ec        0xc /opt/gcc-arm-none-eabi-8-2019-q3-update/bin/../lib/gcc/arm-none-eabi/8.3.1/../../../../arm-none-eabi/lib/thumb/v7e-m+fp/hard/libstdc++_nano.a(class_type_info.o)
                0x00000000080109ec                __cxxabiv1::__class_type_info::__do_find_public_src(int, void const*, __cxxabiv1::__class_type_info const*, void const*) const
 .text._ZN10__cxxabiv117__class_type_infoD2Ev
                0x00000000080109f8       0x14 /opt/gcc-arm-none-eabi-8-2019-q3-update/bin/../lib/gcc/arm-none-eabi/8.3.1/../../../../arm-none-eabi/lib/thumb/v7e-m+fp/hard/libstdc++_nano.a(class_type_info.o)
                0x00000000080109f8                __cxxabiv1::__class_type_info::~__class_type_info()
                0x00000000080109f8                __cxxabiv1::__class_type_info::~__class_type_info()
 .text._ZN10__cxxabiv117__class_type_infoD0Ev
                0x0000000008010a0c       0x14 /opt/gcc-arm-none-eabi-8-2019-q3-update/bin/../lib/gcc/arm-none-eabi/8.3.1/../../../../arm-none-eabi/lib/thumb/v7e-m+fp/hard/libstdc++_nano.a(class_type_info.o)
                0x0000000008010a0c                __cxxabiv1::__class_type_info::~__class_type_info()
 .text._ZNK10__cxxabiv117__class_type_info12__do_dyncastEiNS0_10__sub_kindEPKS0_PKvS3_S5_RNS0_16__dyncast_resultE
                0x0000000008010a20       0x3a /opt/gcc-arm-none-eabi-8-2019-q3-update/bin/../lib/gcc/arm-none-eabi/8.3.1/../../../../arm-none-eabi/lib/thumb/v7e-m+fp/hard/libstdc++_nano.a(class_type_info.o)
                0x0000000008010a20                __cxxabiv1::__class_type_info::__do_dyncast(int, __cxxabiv1::__class_type_info::__sub_kind, __cxxabiv1::__class_type_info const*, void const*, __cxxabiv1::__class_type_info const*, void const*, __cxxabiv1::__class_type_info::__dyncast_result&) const
 .text._ZNK10__cxxabiv117__class_type_info11__do_upcastEPKS0_PKvRNS0_15__upcast_resultE
                0x0000000008010a5a       0x18 /opt/gcc-arm-none-eabi-8-2019-q3-update/bin/../lib/gcc/arm-none-eabi/8.3.1/../../../../arm-none-eabi/lib/thumb/v7e-m+fp/hard/libstdc++_nano.a(class_type_info.o)
                0x0000000008010a5a                __cxxabiv1::__class_type_info::__do_upcast(__cxxabiv1::__class_type_info const*, void const*, __cxxabiv1::__class_type_info::__upcast_result&) const
 .text._ZNK10__cxxabiv117__class_type_info10__do_catchEPKSt9type_infoPPvj
                0x0000000008010a72       0x2a /opt/gcc-arm-none-eabi-8-2019-q3-update/bin/../lib/gcc/arm-none-eabi/8.3.1/../../../../arm-none-eabi/lib/thumb/v7e-m+fp/hard/libstdc++_nano.a(class_type_info.o)
                0x0000000008010a72                __cxxabiv1::__class_type_info::__do_catch(std::type_info const*, void**, unsigned int) const
 .text._ZdlPvj  0x0000000008010a9c        0x4 /opt/gcc-arm-none-eabi-8-2019-q3-update/bin/../lib/gcc/arm-none-eabi/8.3.1/../../../../arm-none-eabi/lib/thumb/v7e-m+fp/hard/libstdc++_nano.a(del_ops.o)
                0x0000000008010a9c                operator delete(void*, unsigned int)
 .text.abort    0x0000000008010aa0        0xe /opt/gcc-arm-none-eabi-8-2019-q3-update/bin/../lib/gcc/arm-none-eabi/8.3.1/../../../../arm-none-eabi/lib/thumb/v7e-m+fp/hard/libc_nano.a(lib_a-abort.o)
                0x0000000008010aa0                abort
 *fill*         0x0000000008010aae        0x2 
 .text.__cxa_atexit
                0x0000000008010ab0       0x1c /opt/gcc-arm-none-eabi-8-2019-q3-update/bin/../lib/gcc/arm-none-eabi/8.3.1/../../../../arm-none-eabi/lib/thumb/v7e-m+fp/hard/libc_nano.a(lib_a-cxa_atexit.o)
                0x0000000008010ab0                __cxa_atexit
 .text.__libc_init_array
                0x0000000008010acc       0x48 /opt/gcc-arm-none-eabi-8-2019-q3-update/bin/../lib/gcc/arm-none-eabi/8.3.1/../../../../arm-none-eabi/lib/thumb/v7e-m+fp/hard/libc_nano.a(lib_a-init.o)
                0x0000000008010acc                __libc_init_array
 .text.malloc   0x0000000008010b14       0x10 /opt/gcc-arm-none-eabi-8-2019-q3-update/bin/../lib/gcc/arm-none-eabi/8.3.1/../../../../arm-none-eabi/lib/thumb/v7e-m+fp/hard/libc_nano.a(lib_a-malloc.o)
                0x0000000008010b14                malloc
 .text.free     0x0000000008010b24       0x10 /opt/gcc-arm-none-eabi-8-2019-q3-update/bin/../lib/gcc/arm-none-eabi/8.3.1/../../../../arm-none-eabi/lib/thumb/v7e-m+fp/hard/libc_nano.a(lib_a-malloc.o)
                0x0000000008010b24                free
 .text.memcpy   0x0000000008010b34       0x1c /opt/gcc-arm-none-eabi-8-2019-q3-update/bin/../lib/gcc/arm-none-eabi/8.3.1/../../../../arm-none-eabi/lib/thumb/v7e-m+fp/hard/libc_nano.a(lib_a-memcpy-stub.o)
                0x0000000008010b34                memcpy
 .text.memset   0x0000000008010b50       0x10 /opt/gcc-arm-none-eabi-8-2019-q3-update/bin/../lib/gcc/arm-none-eabi/8.3.1/../../../../arm-none-eabi/lib/thumb/v7e-m+fp/hard/libc_nano.a(lib_a-memset.o)
                0x0000000008010b50                memset
 .text._free_r  0x0000000008010b60       0x9c /opt/gcc-arm-none-eabi-8-2019-q3-update/bin/../lib/gcc/arm-none-eabi/8.3.1/../../../../arm-none-eabi/lib/thumb/v7e-m+fp/hard/libc_nano.a(lib_a-nano-freer.o)
                0x0000000008010b60                _free_r
 .text._malloc_r
                0x0000000008010bfc       0xb4 /opt/gcc-arm-none-eabi-8-2019-q3-update/bin/../lib/gcc/arm-none-eabi/8.3.1/../../../../arm-none-eabi/lib/thumb/v7e-m+fp/hard/libc_nano.a(lib_a-nano-mallocr.o)
                0x0000000008010bfc                _malloc_r
 .text.rand     0x0000000008010cb0       0x68 /opt/gcc-arm-none-eabi-8-2019-q3-update/bin/../lib/gcc/arm-none-eabi/8.3.1/../../../../arm-none-eabi/lib/thumb/v7e-m+fp/hard/libc_nano.a(lib_a-rand.o)
                0x0000000008010cb0                rand
 .text._sbrk_r  0x0000000008010d18       0x20 /opt/gcc-arm-none-eabi-8-2019-q3-update/bin/../lib/gcc/arm-none-eabi/8.3.1/../../../../arm-none-eabi/lib/thumb/v7e-m+fp/hard/libc_nano.a(lib_a-sbrkr.o)
                0x0000000008010d18                _sbrk_r
 .text._raise_r
                0x0000000008010d38       0x50 /opt/gcc-arm-none-eabi-8-2019-q3-update/bin/../lib/gcc/arm-none-eabi/8.3.1/../../../../arm-none-eabi/lib/thumb/v7e-m+fp/hard/libc_nano.a(lib_a-signal.o)
                0x0000000008010d38                _raise_r
 .text.raise    0x0000000008010d88       0x10 /opt/gcc-arm-none-eabi-8-2019-q3-update/bin/../lib/gcc/arm-none-eabi/8.3.1/../../../../arm-none-eabi/lib/thumb/v7e-m+fp/hard/libc_nano.a(lib_a-signal.o)
                0x0000000008010d88                raise
 .text._kill_r  0x0000000008010d98       0x24 /opt/gcc-arm-none-eabi-8-2019-q3-update/bin/../lib/gcc/arm-none-eabi/8.3.1/../../../../arm-none-eabi/lib/thumb/v7e-m+fp/hard/libc_nano.a(lib_a-signalr.o)
                0x0000000008010d98                _kill_r
 .text._getpid_r
                0x0000000008010dbc        0x4 /opt/gcc-arm-none-eabi-8-2019-q3-update/bin/../lib/gcc/arm-none-eabi/8.3.1/../../../../arm-none-eabi/lib/thumb/v7e-m+fp/hard/libc_nano.a(lib_a-signalr.o)
                0x0000000008010dbc                _getpid_r
 .text.__malloc_lock
                0x0000000008010dc0        0xc /opt/gcc-arm-none-eabi-8-2019-q3-update/bin/../lib/gcc/arm-none-eabi/8.3.1/../../../../arm-none-eabi/lib/thumb/v7e-m+fp/hard/libc_nano.a(lib_a-mlock.o)
                0x0000000008010dc0                __malloc_lock
 .text.__malloc_unlock
                0x0000000008010dcc        0xc /opt/gcc-arm-none-eabi-8-2019-q3-update/bin/../lib/gcc/arm-none-eabi/8.3.1/../../../../arm-none-eabi/lib/thumb/v7e-m+fp/hard/libc_nano.a(lib_a-mlock.o)
                0x0000000008010dcc                __malloc_unlock
 .text.__retarget_lock_acquire_recursive
                0x0000000008010dd8        0x2 /opt/gcc-arm-none-eabi-8-2019-q3-update/bin/../lib/gcc/arm-none-eabi/8.3.1/../../../../arm-none-eabi/lib/thumb/v7e-m+fp/hard/libc_nano.a(lib_a-lock.o)
                0x0000000008010dd8                __retarget_lock_acquire_recursive
 .text.__retarget_lock_release_recursive
                0x0000000008010dda        0x2 /opt/gcc-arm-none-eabi-8-2019-q3-update/bin/../lib/gcc/arm-none-eabi/8.3.1/../../../../arm-none-eabi/lib/thumb/v7e-m+fp/hard/libc_nano.a(lib_a-lock.o)